Archive member included because of file (symbol)

/Applications/lpcxpresso_6.1.2_177/lpcxpresso/tools/bin/../lib/gcc/arm-none-eabi/4.6.2/../../../../arm-none-eabi/lib/armv6-m/libcr_c.a(__weak__main.o)
                              ./startup/cr_startup_lpc11.o (__main)
/Applications/lpcxpresso_6.1.2_177/lpcxpresso/tools/bin/../lib/gcc/arm-none-eabi/4.6.2/armv6-m/libcr_eabihelpers.a(division.o)
                              ./src/main.o (__aeabi_uidiv)
/Applications/lpcxpresso_6.1.2_177/lpcxpresso/tools/bin/../lib/gcc/arm-none-eabi/4.6.2/armv6-m/libcr_eabihelpers.a(double.o)
                              ./src/main.o (__aeabi_dmul)
/Applications/lpcxpresso_6.1.2_177/lpcxpresso/tools/bin/../lib/gcc/arm-none-eabi/4.6.2/armv6-m/libcr_eabihelpers.a(llong.o)
                              /Applications/lpcxpresso_6.1.2_177/lpcxpresso/tools/bin/../lib/gcc/arm-none-eabi/4.6.2/armv6-m/libcr_eabihelpers.a(double.o) (__aeabi_lmul)

Allocating common symbols
Common symbol       size              file

morsefib            0x6               ./src/main.o
hexfib              0x5               ./src/main.o

Discarded input sections

 .text          0x0000000000000000        0x0 ./startup/cr_startup_lpc11.o
 .data          0x0000000000000000        0x0 ./startup/cr_startup_lpc11.o
 .bss           0x0000000000000000        0x0 ./startup/cr_startup_lpc11.o
 .data          0x0000000000000000        0x0 ./src/fibonacci.o
 .bss           0x0000000000000000        0x0 ./src/fibonacci.o
 .text          0x0000000000000000        0x0 ./src/main.o
 .data          0x0000000000000000        0x0 ./src/main.o
 .bss           0x0000000000000000        0x0 ./src/main.o
 .rodata.LPC_GPIO
                0x0000000000000000       0x10 ./src/main.o
 .text          0x0000000000000000        0x0 ./driver/adc.o
 .data          0x0000000000000000        0x0 ./driver/adc.o
 .bss           0x0000000000000000        0x0 ./driver/adc.o
 .text          0x0000000000000000        0x0 ./driver/can.o
 .data          0x0000000000000000        0x0 ./driver/can.o
 .bss           0x0000000000000000        0x0 ./driver/can.o
 .text          0x0000000000000000        0x0 ./driver/clkconfig.o
 .data          0x0000000000000000        0x0 ./driver/clkconfig.o
 .bss           0x0000000000000000        0x0 ./driver/clkconfig.o
 .text          0x0000000000000000        0x0 ./driver/crp.o
 .data          0x0000000000000000        0x0 ./driver/crp.o
 .bss           0x0000000000000000        0x0 ./driver/crp.o
 .text          0x0000000000000000        0x0 ./driver/debug_printf.o
 .data          0x0000000000000000        0x0 ./driver/debug_printf.o
 .bss           0x0000000000000000        0x0 ./driver/debug_printf.o
 .text          0x0000000000000000        0x0 ./driver/gpio.o
 .data          0x0000000000000000        0x0 ./driver/gpio.o
 .bss           0x0000000000000000        0x0 ./driver/gpio.o
 .text.GPIOSetInterrupt
                0x0000000000000000      0x334 ./driver/gpio.o
 .text.GPIOIntEnable
                0x0000000000000000       0xa8 ./driver/gpio.o
 .text.GPIOIntDisable
                0x0000000000000000       0xa8 ./driver/gpio.o
 .text.GPIOIntStatus
                0x0000000000000000       0xb4 ./driver/gpio.o
 .text.GPIOIntClear
                0x0000000000000000       0xa8 ./driver/gpio.o
 .text          0x0000000000000000        0x0 ./driver/i2c.o
 .data          0x0000000000000000        0x0 ./driver/i2c.o
 .bss           0x0000000000000000        0x0 ./driver/i2c.o
 .text          0x0000000000000000        0x0 ./driver/i2cslave.o
 .data          0x0000000000000000        0x0 ./driver/i2cslave.o
 .bss           0x0000000000000000        0x0 ./driver/i2cslave.o
 .text          0x0000000000000000        0x0 ./driver/lpc_swu.o
 .data          0x0000000000000000        0x0 ./driver/lpc_swu.o
 .bss           0x0000000000000000        0x0 ./driver/lpc_swu.o
 .text          0x0000000000000000        0x0 ./driver/rs485.o
 .data          0x0000000000000000        0x0 ./driver/rs485.o
 .bss           0x0000000000000000        0x0 ./driver/rs485.o
 .text          0x0000000000000000        0x0 ./driver/small_gpio.o
 .data          0x0000000000000000        0x0 ./driver/small_gpio.o
 .bss           0x0000000000000000        0x0 ./driver/small_gpio.o
 .text          0x0000000000000000        0x0 ./driver/ssp.o
 .data          0x0000000000000000        0x0 ./driver/ssp.o
 .bss           0x0000000000000000        0x0 ./driver/ssp.o
 .text          0x0000000000000000        0x0 ./driver/timer16.o
 .data          0x0000000000000000        0x0 ./driver/timer16.o
 .bss           0x0000000000000000        0x0 ./driver/timer16.o
 .text          0x0000000000000000        0x0 ./driver/timer32.o
 .data          0x0000000000000000        0x0 ./driver/timer32.o
 .bss           0x0000000000000000        0x0 ./driver/timer32.o
 .bss.timer32_0_period
                0x0000000000000000        0x4 ./driver/timer32.o
 .bss.timer32_1_period
                0x0000000000000000        0x4 ./driver/timer32.o
 .text.delay32Ms
                0x0000000000000000       0xe4 ./driver/timer32.o
 .text.disable_timer32
                0x0000000000000000       0x30 ./driver/timer32.o
 .text.reset_timer32
                0x0000000000000000       0x4c ./driver/timer32.o
 .text.init_timer32PWM
                0x0000000000000000      0x22c ./driver/timer32.o
 .text.setMatch_timer32PWM
                0x0000000000000000       0xa4 ./driver/timer32.o
 .text          0x0000000000000000        0x0 ./driver/uart.o
 .data          0x0000000000000000        0x0 ./driver/uart.o
 .bss           0x0000000000000000        0x0 ./driver/uart.o
 .text          0x0000000000000000        0x0 ./driver/wdt.o
 .data          0x0000000000000000        0x0 ./driver/wdt.o
 .bss           0x0000000000000000        0x0 ./driver/wdt.o
 .text          0x0000000000000000        0x0 ./cmsis/core_cm0.o
 .data          0x0000000000000000        0x0 ./cmsis/core_cm0.o
 .bss           0x0000000000000000        0x0 ./cmsis/core_cm0.o
 .text.__get_PSP
                0x0000000000000000        0x8 ./cmsis/core_cm0.o
 .text.__set_PSP
                0x0000000000000000        0x6 ./cmsis/core_cm0.o
 .text.__get_MSP
                0x0000000000000000        0x8 ./cmsis/core_cm0.o
 .text.__set_MSP
                0x0000000000000000        0x6 ./cmsis/core_cm0.o
 .text.__get_PRIMASK
                0x0000000000000000        0x6 ./cmsis/core_cm0.o
 .text.__set_PRIMASK
                0x0000000000000000        0x6 ./cmsis/core_cm0.o
 .text.__get_CONTROL
                0x0000000000000000        0x6 ./cmsis/core_cm0.o
 .text.__set_CONTROL
                0x0000000000000000        0x6 ./cmsis/core_cm0.o
 .text.__REV    0x0000000000000000        0x4 ./cmsis/core_cm0.o
 .text.__REV16  0x0000000000000000        0x4 ./cmsis/core_cm0.o
 .text.__REVSH  0x0000000000000000        0x4 ./cmsis/core_cm0.o
 .text          0x0000000000000000        0x0 ./cmsis/system_LPC11xx.o
 .data          0x0000000000000000        0x0 ./cmsis/system_LPC11xx.o
 .bss           0x0000000000000000        0x0 ./cmsis/system_LPC11xx.o
 .text          0x0000000000000000        0x0 /Applications/lpcxpresso_6.1.2_177/lpcxpresso/tools/bin/../lib/gcc/arm-none-eabi/4.6.2/../../../../arm-none-eabi/lib/armv6-m/libcr_c.a(__weak__main.o)
 .data          0x0000000000000000        0x0 /Applications/lpcxpresso_6.1.2_177/lpcxpresso/tools/bin/../lib/gcc/arm-none-eabi/4.6.2/../../../../arm-none-eabi/lib/armv6-m/libcr_c.a(__weak__main.o)
 .bss           0x0000000000000000        0x0 /Applications/lpcxpresso_6.1.2_177/lpcxpresso/tools/bin/../lib/gcc/arm-none-eabi/4.6.2/../../../../arm-none-eabi/lib/armv6-m/libcr_c.a(__weak__main.o)
 .text          0x0000000000000000        0x0 /Applications/lpcxpresso_6.1.2_177/lpcxpresso/tools/bin/../lib/gcc/arm-none-eabi/4.6.2/armv6-m/libcr_eabihelpers.a(division.o)
 .data          0x0000000000000000        0x0 /Applications/lpcxpresso_6.1.2_177/lpcxpresso/tools/bin/../lib/gcc/arm-none-eabi/4.6.2/armv6-m/libcr_eabihelpers.a(division.o)
 .bss           0x0000000000000000        0x0 /Applications/lpcxpresso_6.1.2_177/lpcxpresso/tools/bin/../lib/gcc/arm-none-eabi/4.6.2/armv6-m/libcr_eabihelpers.a(division.o)
 .text.__aeabi_division_idivmod
                0x0000000000000000        0x6 /Applications/lpcxpresso_6.1.2_177/lpcxpresso/tools/bin/../lib/gcc/arm-none-eabi/4.6.2/armv6-m/libcr_eabihelpers.a(division.o)
 .text.__aeabi_division_uldivmod
                0x0000000000000000       0x5a /Applications/lpcxpresso_6.1.2_177/lpcxpresso/tools/bin/../lib/gcc/arm-none-eabi/4.6.2/armv6-m/libcr_eabihelpers.a(division.o)
 .text.__aeabi_division_ldivmod
                0x0000000000000000       0x32 /Applications/lpcxpresso_6.1.2_177/lpcxpresso/tools/bin/../lib/gcc/arm-none-eabi/4.6.2/armv6-m/libcr_eabihelpers.a(division.o)
 .text.__aeabi_division_ldiv0
                0x0000000000000000        0x2 /Applications/lpcxpresso_6.1.2_177/lpcxpresso/tools/bin/../lib/gcc/arm-none-eabi/4.6.2/armv6-m/libcr_eabihelpers.a(division.o)
 .text.__aeabi_division_idivq31+15
                0x0000000000000000      0x188 /Applications/lpcxpresso_6.1.2_177/lpcxpresso/tools/bin/../lib/gcc/arm-none-eabi/4.6.2/armv6-m/libcr_eabihelpers.a(division.o)
 .text          0x0000000000000000        0x0 /Applications/lpcxpresso_6.1.2_177/lpcxpresso/tools/bin/../lib/gcc/arm-none-eabi/4.6.2/armv6-m/libcr_eabihelpers.a(double.o)
 .data          0x0000000000000000        0x0 /Applications/lpcxpresso_6.1.2_177/lpcxpresso/tools/bin/../lib/gcc/arm-none-eabi/4.6.2/armv6-m/libcr_eabihelpers.a(double.o)
 .bss           0x0000000000000000        0x0 /Applications/lpcxpresso_6.1.2_177/lpcxpresso/tools/bin/../lib/gcc/arm-none-eabi/4.6.2/armv6-m/libcr_eabihelpers.a(double.o)
 .text.__aeabi_ddiv
                0x0000000000000000      0x178 /Applications/lpcxpresso_6.1.2_177/lpcxpresso/tools/bin/../lib/gcc/arm-none-eabi/4.6.2/armv6-m/libcr_eabihelpers.a(double.o)
 .text.__aeabi_dsub
                0x0000000000000000      0x1d8 /Applications/lpcxpresso_6.1.2_177/lpcxpresso/tools/bin/../lib/gcc/arm-none-eabi/4.6.2/armv6-m/libcr_eabihelpers.a(double.o)
 .text.__aeabi_dadd
                0x0000000000000000      0x140 /Applications/lpcxpresso_6.1.2_177/lpcxpresso/tools/bin/../lib/gcc/arm-none-eabi/4.6.2/armv6-m/libcr_eabihelpers.a(double.o)
 .text.__aeabi_drsub
                0x0000000000000000       0x28 /Applications/lpcxpresso_6.1.2_177/lpcxpresso/tools/bin/../lib/gcc/arm-none-eabi/4.6.2/armv6-m/libcr_eabihelpers.a(double.o)
 .text.__aeabi_dneg
                0x0000000000000000       0x10 /Applications/lpcxpresso_6.1.2_177/lpcxpresso/tools/bin/../lib/gcc/arm-none-eabi/4.6.2/armv6-m/libcr_eabihelpers.a(double.o)
 .text.__aeabi_d2f
                0x0000000000000000       0x5c /Applications/lpcxpresso_6.1.2_177/lpcxpresso/tools/bin/../lib/gcc/arm-none-eabi/4.6.2/armv6-m/libcr_eabihelpers.a(double.o)
 .text.__aeabi_d2iz
                0x0000000000000000       0x4c /Applications/lpcxpresso_6.1.2_177/lpcxpresso/tools/bin/../lib/gcc/arm-none-eabi/4.6.2/armv6-m/libcr_eabihelpers.a(double.o)
 .text.__aeabi_d2uiz
                0x0000000000000000       0x38 /Applications/lpcxpresso_6.1.2_177/lpcxpresso/tools/bin/../lib/gcc/arm-none-eabi/4.6.2/armv6-m/libcr_eabihelpers.a(double.o)
 .text.__aeabi_d2lz
                0x0000000000000000       0x78 /Applications/lpcxpresso_6.1.2_177/lpcxpresso/tools/bin/../lib/gcc/arm-none-eabi/4.6.2/armv6-m/libcr_eabihelpers.a(double.o)
 .text.__aeabi_d2ulz
                0x0000000000000000       0x58 /Applications/lpcxpresso_6.1.2_177/lpcxpresso/tools/bin/../lib/gcc/arm-none-eabi/4.6.2/armv6-m/libcr_eabihelpers.a(double.o)
 .text.__bhs_ul2d
                0x0000000000000000       0xb4 /Applications/lpcxpresso_6.1.2_177/lpcxpresso/tools/bin/../lib/gcc/arm-none-eabi/4.6.2/armv6-m/libcr_eabihelpers.a(double.o)
 .text.__aeabi_ui2d
                0x0000000000000000        0xc /Applications/lpcxpresso_6.1.2_177/lpcxpresso/tools/bin/../lib/gcc/arm-none-eabi/4.6.2/armv6-m/libcr_eabihelpers.a(double.o)
 .text.__aeabi_l2d
                0x0000000000000000       0x20 /Applications/lpcxpresso_6.1.2_177/lpcxpresso/tools/bin/../lib/gcc/arm-none-eabi/4.6.2/armv6-m/libcr_eabihelpers.a(double.o)
 .text.__aeabi_ul2d
                0x0000000000000000        0xc /Applications/lpcxpresso_6.1.2_177/lpcxpresso/tools/bin/../lib/gcc/arm-none-eabi/4.6.2/armv6-m/libcr_eabihelpers.a(double.o)
 .text.__aeabi_dcmpeq
                0x0000000000000000       0x40 /Applications/lpcxpresso_6.1.2_177/lpcxpresso/tools/bin/../lib/gcc/arm-none-eabi/4.6.2/armv6-m/libcr_eabihelpers.a(double.o)
 .text.__aeabi_dcmplt
                0x0000000000000000       0x64 /Applications/lpcxpresso_6.1.2_177/lpcxpresso/tools/bin/../lib/gcc/arm-none-eabi/4.6.2/armv6-m/libcr_eabihelpers.a(double.o)
 .text.__aeabi_dcmple
                0x0000000000000000       0x64 /Applications/lpcxpresso_6.1.2_177/lpcxpresso/tools/bin/../lib/gcc/arm-none-eabi/4.6.2/armv6-m/libcr_eabihelpers.a(double.o)
 .text.__aeabi_dcmpge
                0x0000000000000000       0x64 /Applications/lpcxpresso_6.1.2_177/lpcxpresso/tools/bin/../lib/gcc/arm-none-eabi/4.6.2/armv6-m/libcr_eabihelpers.a(double.o)
 .text.__aeabi_dcmpun
                0x0000000000000000       0x1c /Applications/lpcxpresso_6.1.2_177/lpcxpresso/tools/bin/../lib/gcc/arm-none-eabi/4.6.2/armv6-m/libcr_eabihelpers.a(double.o)
 .text.__aeabi_cdcmple
                0x0000000000000000       0x2e /Applications/lpcxpresso_6.1.2_177/lpcxpresso/tools/bin/../lib/gcc/arm-none-eabi/4.6.2/armv6-m/libcr_eabihelpers.a(double.o)
 .text.__aeabi_cdrcmple
                0x0000000000000000       0x14 /Applications/lpcxpresso_6.1.2_177/lpcxpresso/tools/bin/../lib/gcc/arm-none-eabi/4.6.2/armv6-m/libcr_eabihelpers.a(double.o)
 .text          0x0000000000000000        0x0 /Applications/lpcxpresso_6.1.2_177/lpcxpresso/tools/bin/../lib/gcc/arm-none-eabi/4.6.2/armv6-m/libcr_eabihelpers.a(llong.o)
 .data          0x0000000000000000        0x0 /Applications/lpcxpresso_6.1.2_177/lpcxpresso/tools/bin/../lib/gcc/arm-none-eabi/4.6.2/armv6-m/libcr_eabihelpers.a(llong.o)
 .bss           0x0000000000000000        0x0 /Applications/lpcxpresso_6.1.2_177/lpcxpresso/tools/bin/../lib/gcc/arm-none-eabi/4.6.2/armv6-m/libcr_eabihelpers.a(llong.o)
 .text.__aeabi_llong_llsl
                0x0000000000000000       0x18 /Applications/lpcxpresso_6.1.2_177/lpcxpresso/tools/bin/../lib/gcc/arm-none-eabi/4.6.2/armv6-m/libcr_eabihelpers.a(llong.o)
 .text.__aeabi_llong_llsr
                0x0000000000000000       0x18 /Applications/lpcxpresso_6.1.2_177/lpcxpresso/tools/bin/../lib/gcc/arm-none-eabi/4.6.2/armv6-m/libcr_eabihelpers.a(llong.o)
 .text.__aeabi_llong_lasr
                0x0000000000000000       0x18 /Applications/lpcxpresso_6.1.2_177/lpcxpresso/tools/bin/../lib/gcc/arm-none-eabi/4.6.2/armv6-m/libcr_eabihelpers.a(llong.o)
 .text.__aeabi_llong_lcmp
                0x0000000000000000       0x14 /Applications/lpcxpresso_6.1.2_177/lpcxpresso/tools/bin/../lib/gcc/arm-none-eabi/4.6.2/armv6-m/libcr_eabihelpers.a(llong.o)
 .text.__aeabi_llong_ulcmp
                0x0000000000000000       0x10 /Applications/lpcxpresso_6.1.2_177/lpcxpresso/tools/bin/../lib/gcc/arm-none-eabi/4.6.2/armv6-m/libcr_eabihelpers.a(llong.o)

Memory Configuration

Name             Origin             Length             Attributes
MFlash32         0x0000000000000000 0x0000000000008000 xr
RamLoc8          0x0000000010000000 0x0000000000002000 xrw
*default*        0x0000000000000000 0xffffffffffffffff

Linker script and memory map

LOAD ./startup/cr_startup_lpc11.o
LOAD ./src/fibonacci.o
LOAD ./src/main.o
LOAD ./driver/adc.o
LOAD ./driver/can.o
LOAD ./driver/clkconfig.o
LOAD ./driver/crp.o
LOAD ./driver/debug_printf.o
LOAD ./driver/gpio.o
LOAD ./driver/i2c.o
LOAD ./driver/i2cslave.o
LOAD ./driver/lpc_swu.o
LOAD ./driver/rs485.o
LOAD ./driver/small_gpio.o
LOAD ./driver/ssp.o
LOAD ./driver/timer16.o
LOAD ./driver/timer32.o
LOAD ./driver/uart.o
LOAD ./driver/wdt.o
LOAD ./cmsis/core_cm0.o
LOAD ./cmsis/system_LPC11xx.o
START GROUP
LOAD /Applications/lpcxpresso_6.1.2_177/lpcxpresso/tools/bin/../lib/gcc/arm-none-eabi/4.6.2/../../../../arm-none-eabi/lib/armv6-m/libcr_c.a
LOAD /Applications/lpcxpresso_6.1.2_177/lpcxpresso/tools/bin/../lib/gcc/arm-none-eabi/4.6.2/../../../../arm-none-eabi/lib/armv6-m/libcr_semihost.a
LOAD /Applications/lpcxpresso_6.1.2_177/lpcxpresso/tools/bin/../lib/gcc/arm-none-eabi/4.6.2/armv6-m/libcr_eabihelpers.a
END GROUP
                0x0000000000008000                __top_MFlash32 = 0x8000
                0x0000000010002000                __top_RamLoc8 = 0x10002000

.text           0x0000000000000000      0xf30
 FILL mask 0xff
 *(.isr_vector)
 .isr_vector    0x0000000000000000       0xc0 ./startup/cr_startup_lpc11.o
                0x0000000000000000                g_pfnVectors
 *(.text.Reset_Handler .text.SystemInit)
 .text.SystemInit
                0x00000000000000c0       0xb0 ./cmsis/system_LPC11xx.o
                0x00000000000000c0                SystemInit
                0x00000000000002fc                . = 0x2fc
 *fill*         0x0000000000000170      0x18c ff
 *(.crp)
 .crp           0x00000000000002fc        0x4 ./driver/crp.o
                0x00000000000002fc                CRP_WORD
 *(.text*)
 .text.ResetISR
                0x0000000000000300       0x64 ./startup/cr_startup_lpc11.o
                0x0000000000000300                ResetISR
 .text.NMI_Handler
                0x0000000000000364        0x8 ./startup/cr_startup_lpc11.o
                0x0000000000000364                NMI_Handler
 .text.HardFault_Handler
                0x000000000000036c        0x8 ./startup/cr_startup_lpc11.o
                0x000000000000036c                HardFault_Handler
 .text.SVCall_Handler
                0x0000000000000374        0x8 ./startup/cr_startup_lpc11.o
                0x0000000000000374                SVCall_Handler
 .text.PendSV_Handler
                0x000000000000037c        0x8 ./startup/cr_startup_lpc11.o
                0x000000000000037c                PendSV_Handler
 .text.SysTick_Handler
                0x0000000000000384        0x8 ./startup/cr_startup_lpc11.o
                0x0000000000000384                SysTick_Handler
 .text.IntDefaultHandler
                0x000000000000038c        0x8 ./startup/cr_startup_lpc11.o
                0x000000000000038c                PIOINT3_IRQHandler
                0x000000000000038c                UART_IRQHandler
                0x000000000000038c                TIMER32_1_IRQHandler
                0x000000000000038c                IntDefaultHandler
                0x000000000000038c                PIOINT1_IRQHandler
                0x000000000000038c                CAN_IRQHandler
                0x000000000000038c                SSP0_IRQHandler
                0x000000000000038c                TIMER16_1_IRQHandler
                0x000000000000038c                ADC_IRQHandler
                0x000000000000038c                SSP1_IRQHandler
                0x000000000000038c                PIOINT2_IRQHandler
                0x000000000000038c                BOD_IRQHandler
                0x000000000000038c                WAKEUP_IRQHandler
                0x000000000000038c                PIOINT0_IRQHandler
                0x000000000000038c                I2C_IRQHandler
                0x000000000000038c                WDT_IRQHandler
                0x000000000000038c                TIMER16_0_IRQHandler
 .text          0x0000000000000394       0x28 ./src/fibonacci.o
                0x0000000000000394                fibonacci
 .text.translateFib
                0x00000000000003bc      0x114 ./src/main.o
                0x00000000000003bc                translateFib
 .text.morse    0x00000000000004d0       0xe0 ./src/main.o
                0x00000000000004d0                morse
 .text.main     0x00000000000005b0      0x210 ./src/main.o
                0x00000000000005b0                main
 .text.GPIOInit
                0x00000000000007c0       0x1c ./driver/gpio.o
                0x00000000000007c0                GPIOInit
 .text.GPIOSetValue
                0x00000000000007dc       0x38 ./driver/gpio.o
                0x00000000000007dc                GPIOSetValue
 .text.GPIOSetDir
                0x0000000000000814       0x74 ./driver/gpio.o
                0x0000000000000814                GPIOSetDir
 .text.NVIC_EnableIRQ
                0x0000000000000888       0x2c ./driver/timer32.o
 .text.TIMER32_0_IRQHandler
                0x00000000000008b4       0x50 ./driver/timer32.o
                0x00000000000008b4                TIMER32_0_IRQHandler
 .text.enable_timer32
                0x0000000000000904       0x30 ./driver/timer32.o
                0x0000000000000904                enable_timer32
 .text.init_timer32
                0x0000000000000934      0x140 ./driver/timer32.o
                0x0000000000000934                init_timer32
 .text.SystemCoreClockUpdate
                0x0000000000000a74       0xac ./cmsis/system_LPC11xx.o
                0x0000000000000a74                SystemCoreClockUpdate
 .text.__weak_main
                0x0000000000000b20        0x8 /Applications/lpcxpresso_6.1.2_177/lpcxpresso/tools/bin/../lib/gcc/arm-none-eabi/4.6.2/../../../../arm-none-eabi/lib/armv6-m/libcr_c.a(__weak__main.o)
                0x0000000000000b20                __main
                0x0000000000000b20                __weak_main
 .text.__aeabi_division_uidivmod
                0x0000000000000b28       0x72 /Applications/lpcxpresso_6.1.2_177/lpcxpresso/tools/bin/../lib/gcc/arm-none-eabi/4.6.2/armv6-m/libcr_eabihelpers.a(division.o)
                0x0000000000000b28                __aeabi_uidiv
                0x0000000000000b28                __aeabi_uidivmod
 .text.__aeabi_division_idiv0
                0x0000000000000b9a        0x2 /Applications/lpcxpresso_6.1.2_177/lpcxpresso/tools/bin/../lib/gcc/arm-none-eabi/4.6.2/armv6-m/libcr_eabihelpers.a(division.o)
                0x0000000000000b9a                __aeabi_idiv0
 *fill*         0x0000000000000b9c        0x4 00
 .text.__aeabi_dmul
                0x0000000000000ba0      0x180 /Applications/lpcxpresso_6.1.2_177/lpcxpresso/tools/bin/../lib/gcc/arm-none-eabi/4.6.2/armv6-m/libcr_eabihelpers.a(double.o)
                0x0000000000000ba0                __aeabi_dmul
 .text.__bhs_ui2d
                0x0000000000000d20       0x5e /Applications/lpcxpresso_6.1.2_177/lpcxpresso/tools/bin/../lib/gcc/arm-none-eabi/4.6.2/armv6-m/libcr_eabihelpers.a(double.o)
                0x0000000000000d20                __bhs_ui2d
 .text.__aeabi_i2d
                0x0000000000000d7e       0x16 /Applications/lpcxpresso_6.1.2_177/lpcxpresso/tools/bin/../lib/gcc/arm-none-eabi/4.6.2/armv6-m/libcr_eabihelpers.a(double.o)
                0x0000000000000d7e                __aeabi_i2d
 .text.__aeabi_dcmpgt
                0x0000000000000d94       0x64 /Applications/lpcxpresso_6.1.2_177/lpcxpresso/tools/bin/../lib/gcc/arm-none-eabi/4.6.2/armv6-m/libcr_eabihelpers.a(double.o)
                0x0000000000000d94                __aeabi_dcmpgt
 .text.__aeabi_llong_lmul
                0x0000000000000df8       0x2e /Applications/lpcxpresso_6.1.2_177/lpcxpresso/tools/bin/../lib/gcc/arm-none-eabi/4.6.2/armv6-m/libcr_eabihelpers.a(llong.o)
                0x0000000000000df8                __aeabi_lmul
 *(.rodata*)
 *fill*         0x0000000000000e26        0x2 00
 .rodata        0x0000000000000e28       0x78 ./src/main.o
 .rodata.morse  0x0000000000000ea0       0x40 ./src/main.o
 .rodata.LPC_GPIO
                0x0000000000000ee0       0x10 ./driver/gpio.o
 .rodata.CSWTCH.7
                0x0000000000000ef0       0x40 ./cmsis/system_LPC11xx.o

.glue_7         0x0000000000000f30        0x0
 .glue_7        0x0000000000000000        0x0 linker stubs

.glue_7t        0x0000000000000f30        0x0
 .glue_7t       0x0000000000000000        0x0 linker stubs

.vfp11_veneer   0x0000000000000f30        0x0
 .vfp11_veneer  0x0000000000000000        0x0 linker stubs

.v4_bx          0x0000000000000f30        0x0
 .v4_bx         0x0000000000000000        0x0 linker stubs

.ARM.extab
 *(.ARM.extab* .gnu.linkonce.armextab.*)
                0x0000000000000f30                __exidx_start = .

.ARM.exidx
 *(.ARM.exidx* .gnu.linkonce.armexidx.*)
                0x0000000000000f30                __exidx_end = .
                0x0000000000000f30                _etext = .

.data           0x0000000010000000        0x4 load address 0x0000000000000f30
                0x0000000010000000                _data = .
 *(vtable)
 *(.data*)
 .data.SystemCoreClock
                0x0000000010000000        0x4 ./cmsis/system_LPC11xx.o
                0x0000000010000000                SystemCoreClock
                0x0000000010000004                _edata = .

.bss            0x0000000010000004       0x15 load address 0x0000000000000f34
                0x0000000010000004                _bss = .
 *(.bss*)
 .bss.timer32_0_counter
                0x0000000010000004        0x4 ./driver/timer32.o
                0x0000000010000004                timer32_0_counter
 .bss.timer32_0_capture
                0x0000000010000008        0x4 ./driver/timer32.o
                0x0000000010000008                timer32_0_capture
 *(COMMON)
 COMMON         0x000000001000000c        0xd ./src/main.o
                0x000000001000000c                morsefib
                0x0000000010000014                hexfib
                0x0000000010000019                _ebss = .

.cr_heap        0x0000000010000019        0x0 load address 0x0000000000000f34
                0x0000000010000019                end = .
                0x0000000010000019                _pvHeapStart = .
                0x0000000010002000                _vRamTop = __top_RamLoc8
                0x0000000010002000                _vStackTop = _vRamTop
OUTPUT(fib.axf elf32-littlearm)

.debug_info     0x0000000000000000     0x2920
 .debug_info    0x0000000000000000      0x1ec ./startup/cr_startup_lpc11.o
 .debug_info    0x00000000000001ec       0x7e ./src/fibonacci.o
 .debug_info    0x000000000000026a      0x372 ./src/main.o
 .debug_info    0x00000000000005dc       0x70 ./driver/adc.o
 .debug_info    0x000000000000064c       0x70 ./driver/can.o
 .debug_info    0x00000000000006bc       0x70 ./driver/clkconfig.o
 .debug_info    0x000000000000072c       0x92 ./driver/crp.o
 .debug_info    0x00000000000007be       0x70 ./driver/debug_printf.o
 .debug_info    0x000000000000082e      0x7fb ./driver/gpio.o
 .debug_info    0x0000000000001029       0x70 ./driver/i2c.o
 .debug_info    0x0000000000001099       0x70 ./driver/i2cslave.o
 .debug_info    0x0000000000001109       0x70 ./driver/lpc_swu.o
 .debug_info    0x0000000000001179       0x70 ./driver/rs485.o
 .debug_info    0x00000000000011e9       0x70 ./driver/small_gpio.o
 .debug_info    0x0000000000001259       0x70 ./driver/ssp.o
 .debug_info    0x00000000000012c9       0x70 ./driver/timer16.o
 .debug_info    0x0000000000001339      0xcd1 ./driver/timer32.o
 .debug_info    0x000000000000200a       0x70 ./driver/uart.o
 .debug_info    0x000000000000207a       0x70 ./driver/wdt.o
 .debug_info    0x00000000000020ea      0x2ae ./cmsis/core_cm0.o
 .debug_info    0x0000000000002398      0x588 ./cmsis/system_LPC11xx.o

.debug_abbrev   0x0000000000000000      0x9ac
 .debug_abbrev  0x0000000000000000       0xb4 ./startup/cr_startup_lpc11.o
 .debug_abbrev  0x00000000000000b4       0x14 ./src/fibonacci.o
 .debug_abbrev  0x00000000000000c8      0x14f ./src/main.o
 .debug_abbrev  0x0000000000000217       0x2c ./driver/adc.o
 .debug_abbrev  0x0000000000000243       0x2c ./driver/can.o
 .debug_abbrev  0x000000000000026f       0x2c ./driver/clkconfig.o
 .debug_abbrev  0x000000000000029b       0x51 ./driver/crp.o
 .debug_abbrev  0x00000000000002ec       0x2c ./driver/debug_printf.o
 .debug_abbrev  0x0000000000000318      0x192 ./driver/gpio.o
 .debug_abbrev  0x00000000000004aa       0x2c ./driver/i2c.o
 .debug_abbrev  0x00000000000004d6       0x2c ./driver/i2cslave.o
 .debug_abbrev  0x0000000000000502       0x2c ./driver/lpc_swu.o
 .debug_abbrev  0x000000000000052e       0x2c ./driver/rs485.o
 .debug_abbrev  0x000000000000055a       0x2c ./driver/small_gpio.o
 .debug_abbrev  0x0000000000000586       0x2c ./driver/ssp.o
 .debug_abbrev  0x00000000000005b2       0x2c ./driver/timer16.o
 .debug_abbrev  0x00000000000005de      0x18a ./driver/timer32.o
 .debug_abbrev  0x0000000000000768       0x2c ./driver/uart.o
 .debug_abbrev  0x0000000000000794       0x2c ./driver/wdt.o
 .debug_abbrev  0x00000000000007c0       0xaf ./cmsis/core_cm0.o
 .debug_abbrev  0x000000000000086f      0x13d ./cmsis/system_LPC11xx.o

.debug_loc      0x0000000000000000      0x732
 .debug_loc     0x0000000000000000      0x140 ./startup/cr_startup_lpc11.o
 .debug_loc     0x0000000000000140       0xa8 ./src/main.o
 .debug_loc     0x00000000000001e8      0x1b4 ./driver/gpio.o
 .debug_loc     0x000000000000039c      0x1ec ./driver/timer32.o
 .debug_loc     0x0000000000000588      0x112 ./cmsis/core_cm0.o
 .debug_loc     0x000000000000069a       0x98 ./cmsis/system_LPC11xx.o

.debug_aranges  0x0000000000000000      0x1f0
 .debug_aranges
                0x0000000000000000       0x50 ./startup/cr_startup_lpc11.o
 .debug_aranges
                0x0000000000000050       0x20 ./src/fibonacci.o
 .debug_aranges
                0x0000000000000070       0x30 ./src/main.o
 .debug_aranges
                0x00000000000000a0       0x58 ./driver/gpio.o
 .debug_aranges
                0x00000000000000f8       0x60 ./driver/timer32.o
 .debug_aranges
                0x0000000000000158       0x70 ./cmsis/core_cm0.o
 .debug_aranges
                0x00000000000001c8       0x28 ./cmsis/system_LPC11xx.o

.debug_ranges   0x0000000000000000      0x170
 .debug_ranges  0x0000000000000000       0x40 ./startup/cr_startup_lpc11.o
 .debug_ranges  0x0000000000000040       0x20 ./src/main.o
 .debug_ranges  0x0000000000000060       0x48 ./driver/gpio.o
 .debug_ranges  0x00000000000000a8       0x50 ./driver/timer32.o
 .debug_ranges  0x00000000000000f8       0x60 ./cmsis/core_cm0.o
 .debug_ranges  0x0000000000000158       0x18 ./cmsis/system_LPC11xx.o

.debug_line     0x0000000000000000     0x49f7
 .debug_line    0x0000000000000000      0x3f8 ./startup/cr_startup_lpc11.o
 .debug_line    0x00000000000003f8       0x50 ./src/fibonacci.o
 .debug_line    0x0000000000000448      0x46e ./src/main.o
 .debug_line    0x00000000000008b6      0x36e ./driver/adc.o
 .debug_line    0x0000000000000c24      0x36e ./driver/can.o
 .debug_line    0x0000000000000f92      0x374 ./driver/clkconfig.o
 .debug_line    0x0000000000001306      0x377 ./driver/crp.o
 .debug_line    0x000000000000167d      0x377 ./driver/debug_printf.o
 .debug_line    0x00000000000019f4      0x46c ./driver/gpio.o
 .debug_line    0x0000000000001e60      0x36e ./driver/i2c.o
 .debug_line    0x00000000000021ce      0x373 ./driver/i2cslave.o
 .debug_line    0x0000000000002541      0x372 ./driver/lpc_swu.o
 .debug_line    0x00000000000028b3      0x370 ./driver/rs485.o
 .debug_line    0x0000000000002c23      0x375 ./driver/small_gpio.o
 .debug_line    0x0000000000002f98      0x36e ./driver/ssp.o
 .debug_line    0x0000000000003306      0x37f ./driver/timer16.o
 .debug_line    0x0000000000003685      0x4b7 ./driver/timer32.o
 .debug_line    0x0000000000003b3c      0x36f ./driver/uart.o
 .debug_line    0x0000000000003eab      0x377 ./driver/wdt.o
 .debug_line    0x0000000000004222      0x3eb ./cmsis/core_cm0.o
 .debug_line    0x000000000000460d      0x3ea ./cmsis/system_LPC11xx.o

.debug_macinfo  0x0000000000000000    0x716ea
 .debug_macinfo
                0x0000000000000000     0x3e81 ./startup/cr_startup_lpc11.o
 .debug_macinfo
                0x0000000000003e81     0x5f17 ./src/main.o
 .debug_macinfo
                0x0000000000009d98     0x5db9 ./driver/adc.o
 .debug_macinfo
                0x000000000000fb51     0x5db9 ./driver/can.o
 .debug_macinfo
                0x000000000001590a     0x5db9 ./driver/clkconfig.o
 .debug_macinfo
                0x000000000001b6c3     0x5f32 ./driver/crp.o
 .debug_macinfo
                0x00000000000215f5     0x5db9 ./driver/debug_printf.o
 .debug_macinfo
                0x00000000000273ae     0x5df1 ./driver/gpio.o
 .debug_macinfo
                0x000000000002d19f     0x5db9 ./driver/i2c.o
 .debug_macinfo
                0x0000000000032f58     0x5db9 ./driver/i2cslave.o
 .debug_macinfo
                0x0000000000038d11     0x5db9 ./driver/lpc_swu.o
 .debug_macinfo
                0x000000000003eaca     0x5db9 ./driver/rs485.o
 .debug_macinfo
                0x0000000000044883     0x5db9 ./driver/small_gpio.o
 .debug_macinfo
                0x000000000004a63c     0x5db9 ./driver/ssp.o
 .debug_macinfo
                0x00000000000503f5     0x5dcc ./driver/timer16.o
 .debug_macinfo
                0x00000000000561c1     0x5e6b ./driver/timer32.o
 .debug_macinfo
                0x000000000005c02c     0x5db9 ./driver/uart.o
 .debug_macinfo
                0x0000000000061de5     0x5dc8 ./driver/wdt.o
 .debug_macinfo
                0x0000000000067bad     0x3c50 ./cmsis/core_cm0.o
 .debug_macinfo
                0x000000000006b7fd     0x5eed ./cmsis/system_LPC11xx.o

.debug_str      0x0000000000000000      0xc5f
 .debug_str     0x0000000000000000      0x1a3 ./startup/cr_startup_lpc11.o
                                        0x1d7 (size before relaxing)
 .debug_str     0x00000000000001a3       0xbe ./src/main.o
                                        0x1ce (size before relaxing)
 .debug_str     0x0000000000000261       0x10 ./driver/adc.o
                                        0x115 (size before relaxing)
 .debug_str     0x0000000000000271       0x10 ./driver/can.o
                                        0x115 (size before relaxing)
 .debug_str     0x0000000000000281       0x16 ./driver/clkconfig.o
                                        0x11b (size before relaxing)
 .debug_str     0x0000000000000297       0x19 ./driver/crp.o
                                        0x127 (size before relaxing)
 .debug_str     0x00000000000002b0       0x19 ./driver/debug_printf.o
                                        0x11e (size before relaxing)
 .debug_str     0x00000000000002c9      0x337 ./driver/gpio.o
                                        0x486 (size before relaxing)
 .debug_str     0x0000000000000600       0x10 ./driver/i2c.o
                                        0x115 (size before relaxing)
 .debug_str     0x0000000000000610       0x15 ./driver/i2cslave.o
                                        0x11a (size before relaxing)
 .debug_str     0x0000000000000625       0x14 ./driver/lpc_swu.o
                                        0x119 (size before relaxing)
 .debug_str     0x0000000000000639       0x12 ./driver/rs485.o
                                        0x117 (size before relaxing)
 .debug_str     0x000000000000064b       0x17 ./driver/small_gpio.o
                                        0x11c (size before relaxing)
 .debug_str     0x0000000000000662       0x10 ./driver/ssp.o
                                        0x115 (size before relaxing)
 .debug_str     0x0000000000000672       0x14 ./driver/timer16.o
                                        0x119 (size before relaxing)
 .debug_str     0x0000000000000686      0x4ae ./driver/timer32.o
                                        0x890 (size before relaxing)
 .debug_str     0x0000000000000b34       0x11 ./driver/uart.o
                                        0x116 (size before relaxing)
 .debug_str     0x0000000000000b45       0x10 ./driver/wdt.o
                                        0x115 (size before relaxing)
 .debug_str     0x0000000000000b55       0xc1 ./cmsis/core_cm0.o
                                        0x1ec (size before relaxing)
 .debug_str     0x0000000000000c16       0x49 ./cmsis/system_LPC11xx.o
                                        0x413 (size before relaxing)

.comment        0x0000000000000000       0xe0
 .comment       0x0000000000000000       0x70 ./startup/cr_startup_lpc11.o
                                         0x71 (size before relaxing)
 .comment       0x0000000000000000       0x71 ./src/main.o
 .comment       0x0000000000000000       0x71 ./driver/adc.o
 .comment       0x0000000000000000       0x71 ./driver/can.o
 .comment       0x0000000000000000       0x71 ./driver/clkconfig.o
 .comment       0x0000000000000000       0x71 ./driver/crp.o
 .comment       0x0000000000000000       0x71 ./driver/debug_printf.o
 .comment       0x0000000000000000       0x71 ./driver/gpio.o
 .comment       0x0000000000000000       0x71 ./driver/i2c.o
 .comment       0x0000000000000000       0x71 ./driver/i2cslave.o
 .comment       0x0000000000000000       0x71 ./driver/lpc_swu.o
 .comment       0x0000000000000000       0x71 ./driver/rs485.o
 .comment       0x0000000000000000       0x71 ./driver/small_gpio.o
 .comment       0x0000000000000000       0x71 ./driver/ssp.o
 .comment       0x0000000000000000       0x71 ./driver/timer16.o
 .comment       0x0000000000000000       0x71 ./driver/timer32.o
 .comment       0x0000000000000000       0x71 ./driver/uart.o
 .comment       0x0000000000000000       0x71 ./driver/wdt.o
 .comment       0x0000000000000000       0x71 ./cmsis/core_cm0.o
 .comment       0x0000000000000000       0x71 ./cmsis/system_LPC11xx.o
 .comment       0x0000000000000000       0x71 /Applications/lpcxpresso_6.1.2_177/lpcxpresso/tools/bin/../lib/gcc/arm-none-eabi/4.6.2/../../../../arm-none-eabi/lib/armv6-m/libcr_c.a(__weak__main.o)
 .comment       0x0000000000000070       0x70 /Applications/lpcxpresso_6.1.2_177/lpcxpresso/tools/bin/../lib/gcc/arm-none-eabi/4.6.2/armv6-m/libcr_eabihelpers.a(double.o)
                                         0x71 (size before relaxing)

.ARM.attributes
                0x0000000000000000       0x2f
 .ARM.attributes
                0x0000000000000000       0x31 ./startup/cr_startup_lpc11.o
 .ARM.attributes
                0x0000000000000031       0x21 ./src/fibonacci.o
 .ARM.attributes
                0x0000000000000052       0x31 ./src/main.o
 .ARM.attributes
                0x0000000000000083       0x31 ./driver/adc.o
 .ARM.attributes
                0x00000000000000b4       0x31 ./driver/can.o
 .ARM.attributes
                0x00000000000000e5       0x31 ./driver/clkconfig.o
 .ARM.attributes
                0x0000000000000116       0x31 ./driver/crp.o
 .ARM.attributes
                0x0000000000000147       0x31 ./driver/debug_printf.o
 .ARM.attributes
                0x0000000000000178       0x31 ./driver/gpio.o
 .ARM.attributes
                0x00000000000001a9       0x31 ./driver/i2c.o
 .ARM.attributes
                0x00000000000001da       0x31 ./driver/i2cslave.o
 .ARM.attributes
                0x000000000000020b       0x31 ./driver/lpc_swu.o
 .ARM.attributes
                0x000000000000023c       0x31 ./driver/rs485.o
 .ARM.attributes
                0x000000000000026d       0x31 ./driver/small_gpio.o
 .ARM.attributes
                0x000000000000029e       0x31 ./driver/ssp.o
 .ARM.attributes
                0x00000000000002cf       0x31 ./driver/timer16.o
 .ARM.attributes
                0x0000000000000300       0x31 ./driver/timer32.o
 .ARM.attributes
                0x0000000000000331       0x31 ./driver/uart.o
 .ARM.attributes
                0x0000000000000362       0x31 ./driver/wdt.o
 .ARM.attributes
                0x0000000000000393       0x31 ./cmsis/core_cm0.o
 .ARM.attributes
                0x00000000000003c4       0x31 ./cmsis/system_LPC11xx.o
 .ARM.attributes
                0x00000000000003f5       0x31 /Applications/lpcxpresso_6.1.2_177/lpcxpresso/tools/bin/../lib/gcc/arm-none-eabi/4.6.2/../../../../arm-none-eabi/lib/armv6-m/libcr_c.a(__weak__main.o)
 .ARM.attributes
                0x0000000000000426       0x21 /Applications/lpcxpresso_6.1.2_177/lpcxpresso/tools/bin/../lib/gcc/arm-none-eabi/4.6.2/armv6-m/libcr_eabihelpers.a(division.o)
 .ARM.attributes
                0x0000000000000447       0x31 /Applications/lpcxpresso_6.1.2_177/lpcxpresso/tools/bin/../lib/gcc/arm-none-eabi/4.6.2/armv6-m/libcr_eabihelpers.a(double.o)
 .ARM.attributes
                0x0000000000000478       0x21 /Applications/lpcxpresso_6.1.2_177/lpcxpresso/tools/bin/../lib/gcc/arm-none-eabi/4.6.2/armv6-m/libcr_eabihelpers.a(llong.o)

.debug_frame    0x0000000000000000      0x48c
 .debug_frame   0x0000000000000000       0xd8 ./startup/cr_startup_lpc11.o
 .debug_frame   0x00000000000000d8       0x74 ./src/main.o
 .debug_frame   0x000000000000014c      0x10c ./driver/gpio.o
 .debug_frame   0x0000000000000258      0x12c ./driver/timer32.o
 .debug_frame   0x0000000000000384       0xc0 ./cmsis/core_cm0.o
 .debug_frame   0x0000000000000444       0x48 ./cmsis/system_LPC11xx.o
