Archive member included because of file (symbol)

/Applications/lpcxpresso_6.1.2_177/lpcxpresso/tools/bin/../lib/gcc/arm-none-eabi/4.6.2/../../../../arm-none-eabi/lib/armv6-m/libcr_c.a(__weak__main.o)
                              ./startup/cr_startup_lpc11.o (__main)
/Applications/lpcxpresso_6.1.2_177/lpcxpresso/tools/bin/../lib/gcc/arm-none-eabi/4.6.2/armv6-m/libcr_eabihelpers.a(division.o)
                              ./src/blinky_main.o (__aeabi_idiv)
/Applications/lpcxpresso_6.1.2_177/lpcxpresso/tools/bin/../lib/gcc/arm-none-eabi/4.6.2/armv6-m/libcr_eabihelpers.a(float.o)
                              ./src/blinky_main.o (__aeabi_fmul)
/Applications/lpcxpresso_6.1.2_177/lpcxpresso/tools/bin/../lib/gcc/arm-none-eabi/4.6.2/armv6-m/libcr_eabihelpers.a(llong.o)
                              /Applications/lpcxpresso_6.1.2_177/lpcxpresso/tools/bin/../lib/gcc/arm-none-eabi/4.6.2/armv6-m/libcr_eabihelpers.a(float.o) (__aeabi_lmul)

Discarded input sections

 .text          0x0000000000000000        0x0 ./startup/cr_startup_lpc11.o
 .data          0x0000000000000000        0x0 ./startup/cr_startup_lpc11.o
 .bss           0x0000000000000000        0x0 ./startup/cr_startup_lpc11.o
 .text          0x0000000000000000        0x0 ./src/blinky_main.o
 .data          0x0000000000000000        0x0 ./src/blinky_main.o
 .bss           0x0000000000000000        0x0 ./src/blinky_main.o
 .rodata.LPC_GPIO
                0x0000000000000000       0x10 ./src/blinky_main.o
 .text          0x0000000000000000        0x0 ./driver/adc.o
 .data          0x0000000000000000        0x0 ./driver/adc.o
 .bss           0x0000000000000000        0x0 ./driver/adc.o
 .text          0x0000000000000000        0x0 ./driver/can.o
 .data          0x0000000000000000        0x0 ./driver/can.o
 .bss           0x0000000000000000        0x0 ./driver/can.o
 .text          0x0000000000000000        0x0 ./driver/clkconfig.o
 .data          0x0000000000000000        0x0 ./driver/clkconfig.o
 .bss           0x0000000000000000        0x0 ./driver/clkconfig.o
 .text          0x0000000000000000        0x0 ./driver/crp.o
 .data          0x0000000000000000        0x0 ./driver/crp.o
 .bss           0x0000000000000000        0x0 ./driver/crp.o
 .text          0x0000000000000000        0x0 ./driver/debug_printf.o
 .data          0x0000000000000000        0x0 ./driver/debug_printf.o
 .bss           0x0000000000000000        0x0 ./driver/debug_printf.o
 .text          0x0000000000000000        0x0 ./driver/gpio.o
 .data          0x0000000000000000        0x0 ./driver/gpio.o
 .bss           0x0000000000000000        0x0 ./driver/gpio.o
 .text.GPIOSetInterrupt
                0x0000000000000000      0x334 ./driver/gpio.o
 .text.GPIOIntEnable
                0x0000000000000000       0xa8 ./driver/gpio.o
 .text.GPIOIntDisable
                0x0000000000000000       0xa8 ./driver/gpio.o
 .text.GPIOIntStatus
                0x0000000000000000       0xb4 ./driver/gpio.o
 .text.GPIOIntClear
                0x0000000000000000       0xa8 ./driver/gpio.o
 .text          0x0000000000000000        0x0 ./driver/i2c.o
 .data          0x0000000000000000        0x0 ./driver/i2c.o
 .bss           0x0000000000000000        0x0 ./driver/i2c.o
 .text          0x0000000000000000        0x0 ./driver/i2cslave.o
 .data          0x0000000000000000        0x0 ./driver/i2cslave.o
 .bss           0x0000000000000000        0x0 ./driver/i2cslave.o
 .text          0x0000000000000000        0x0 ./driver/lpc_swu.o
 .data          0x0000000000000000        0x0 ./driver/lpc_swu.o
 .bss           0x0000000000000000        0x0 ./driver/lpc_swu.o
 .text          0x0000000000000000        0x0 ./driver/rs485.o
 .data          0x0000000000000000        0x0 ./driver/rs485.o
 .bss           0x0000000000000000        0x0 ./driver/rs485.o
 .text          0x0000000000000000        0x0 ./driver/small_gpio.o
 .data          0x0000000000000000        0x0 ./driver/small_gpio.o
 .bss           0x0000000000000000        0x0 ./driver/small_gpio.o
 .text          0x0000000000000000        0x0 ./driver/ssp.o
 .data          0x0000000000000000        0x0 ./driver/ssp.o
 .bss           0x0000000000000000        0x0 ./driver/ssp.o
 .text          0x0000000000000000        0x0 ./driver/timer16.o
 .data          0x0000000000000000        0x0 ./driver/timer16.o
 .bss           0x0000000000000000        0x0 ./driver/timer16.o
 .text          0x0000000000000000        0x0 ./driver/timer32.o
 .data          0x0000000000000000        0x0 ./driver/timer32.o
 .bss           0x0000000000000000        0x0 ./driver/timer32.o
 .bss.timer32_0_period
                0x0000000000000000        0x4 ./driver/timer32.o
 .bss.timer32_1_period
                0x0000000000000000        0x4 ./driver/timer32.o
 .text.delay32Ms
                0x0000000000000000       0xe4 ./driver/timer32.o
 .text.disable_timer32
                0x0000000000000000       0x30 ./driver/timer32.o
 .text.reset_timer32
                0x0000000000000000       0x4c ./driver/timer32.o
 .text.init_timer32PWM
                0x0000000000000000      0x22c ./driver/timer32.o
 .text.setMatch_timer32PWM
                0x0000000000000000       0xa4 ./driver/timer32.o
 .text          0x0000000000000000        0x0 ./driver/uart.o
 .data          0x0000000000000000        0x0 ./driver/uart.o
 .bss           0x0000000000000000        0x0 ./driver/uart.o
 .text          0x0000000000000000        0x0 ./driver/wdt.o
 .data          0x0000000000000000        0x0 ./driver/wdt.o
 .bss           0x0000000000000000        0x0 ./driver/wdt.o
 .text          0x0000000000000000        0x0 ./cmsis/core_cm0.o
 .data          0x0000000000000000        0x0 ./cmsis/core_cm0.o
 .bss           0x0000000000000000        0x0 ./cmsis/core_cm0.o
 .text.__get_PSP
                0x0000000000000000        0x8 ./cmsis/core_cm0.o
 .text.__set_PSP
                0x0000000000000000        0x6 ./cmsis/core_cm0.o
 .text.__get_MSP
                0x0000000000000000        0x8 ./cmsis/core_cm0.o
 .text.__set_MSP
                0x0000000000000000        0x6 ./cmsis/core_cm0.o
 .text.__get_PRIMASK
                0x0000000000000000        0x6 ./cmsis/core_cm0.o
 .text.__set_PRIMASK
                0x0000000000000000        0x6 ./cmsis/core_cm0.o
 .text.__get_CONTROL
                0x0000000000000000        0x6 ./cmsis/core_cm0.o
 .text.__set_CONTROL
                0x0000000000000000        0x6 ./cmsis/core_cm0.o
 .text.__REV    0x0000000000000000        0x4 ./cmsis/core_cm0.o
 .text.__REV16  0x0000000000000000        0x4 ./cmsis/core_cm0.o
 .text.__REVSH  0x0000000000000000        0x4 ./cmsis/core_cm0.o
 .text          0x0000000000000000        0x0 ./cmsis/system_LPC11xx.o
 .data          0x0000000000000000        0x0 ./cmsis/system_LPC11xx.o
 .bss           0x0000000000000000        0x0 ./cmsis/system_LPC11xx.o
 .text          0x0000000000000000        0x0 /Applications/lpcxpresso_6.1.2_177/lpcxpresso/tools/bin/../lib/gcc/arm-none-eabi/4.6.2/../../../../arm-none-eabi/lib/armv6-m/libcr_c.a(__weak__main.o)
 .data          0x0000000000000000        0x0 /Applications/lpcxpresso_6.1.2_177/lpcxpresso/tools/bin/../lib/gcc/arm-none-eabi/4.6.2/../../../../arm-none-eabi/lib/armv6-m/libcr_c.a(__weak__main.o)
 .bss           0x0000000000000000        0x0 /Applications/lpcxpresso_6.1.2_177/lpcxpresso/tools/bin/../lib/gcc/arm-none-eabi/4.6.2/../../../../arm-none-eabi/lib/armv6-m/libcr_c.a(__weak__main.o)
 .text          0x0000000000000000        0x0 /Applications/lpcxpresso_6.1.2_177/lpcxpresso/tools/bin/../lib/gcc/arm-none-eabi/4.6.2/armv6-m/libcr_eabihelpers.a(division.o)
 .data          0x0000000000000000        0x0 /Applications/lpcxpresso_6.1.2_177/lpcxpresso/tools/bin/../lib/gcc/arm-none-eabi/4.6.2/armv6-m/libcr_eabihelpers.a(division.o)
 .bss           0x0000000000000000        0x0 /Applications/lpcxpresso_6.1.2_177/lpcxpresso/tools/bin/../lib/gcc/arm-none-eabi/4.6.2/armv6-m/libcr_eabihelpers.a(division.o)
 .text.__aeabi_division_uldivmod
                0x0000000000000000       0x5a /Applications/lpcxpresso_6.1.2_177/lpcxpresso/tools/bin/../lib/gcc/arm-none-eabi/4.6.2/armv6-m/libcr_eabihelpers.a(division.o)
 .text.__aeabi_division_ldivmod
                0x0000000000000000       0x32 /Applications/lpcxpresso_6.1.2_177/lpcxpresso/tools/bin/../lib/gcc/arm-none-eabi/4.6.2/armv6-m/libcr_eabihelpers.a(division.o)
 .text.__aeabi_division_ldiv0
                0x0000000000000000        0x2 /Applications/lpcxpresso_6.1.2_177/lpcxpresso/tools/bin/../lib/gcc/arm-none-eabi/4.6.2/armv6-m/libcr_eabihelpers.a(division.o)
 .text.__aeabi_division_idivq31+15
                0x0000000000000000      0x188 /Applications/lpcxpresso_6.1.2_177/lpcxpresso/tools/bin/../lib/gcc/arm-none-eabi/4.6.2/armv6-m/libcr_eabihelpers.a(division.o)
 .text          0x0000000000000000        0x0 /Applications/lpcxpresso_6.1.2_177/lpcxpresso/tools/bin/../lib/gcc/arm-none-eabi/4.6.2/armv6-m/libcr_eabihelpers.a(float.o)
 .data          0x0000000000000000        0x0 /Applications/lpcxpresso_6.1.2_177/lpcxpresso/tools/bin/../lib/gcc/arm-none-eabi/4.6.2/armv6-m/libcr_eabihelpers.a(float.o)
 .bss           0x0000000000000000        0x0 /Applications/lpcxpresso_6.1.2_177/lpcxpresso/tools/bin/../lib/gcc/arm-none-eabi/4.6.2/armv6-m/libcr_eabihelpers.a(float.o)
 .text.__aeabi_fsub
                0x0000000000000000      0x124 /Applications/lpcxpresso_6.1.2_177/lpcxpresso/tools/bin/../lib/gcc/arm-none-eabi/4.6.2/armv6-m/libcr_eabihelpers.a(float.o)
 .text.__aeabi_frsub
                0x0000000000000000       0x10 /Applications/lpcxpresso_6.1.2_177/lpcxpresso/tools/bin/../lib/gcc/arm-none-eabi/4.6.2/armv6-m/libcr_eabihelpers.a(float.o)
 .text.__aeabi_fadd
                0x0000000000000000       0xa8 /Applications/lpcxpresso_6.1.2_177/lpcxpresso/tools/bin/../lib/gcc/arm-none-eabi/4.6.2/armv6-m/libcr_eabihelpers.a(float.o)
 .text.__aeabi_fneg
                0x0000000000000000        0x8 /Applications/lpcxpresso_6.1.2_177/lpcxpresso/tools/bin/../lib/gcc/arm-none-eabi/4.6.2/armv6-m/libcr_eabihelpers.a(float.o)
 .text.__aeabi_f2iz
                0x0000000000000000       0x38 /Applications/lpcxpresso_6.1.2_177/lpcxpresso/tools/bin/../lib/gcc/arm-none-eabi/4.6.2/armv6-m/libcr_eabihelpers.a(float.o)
 .text.__aeabi_f2uiz
                0x0000000000000000       0x26 /Applications/lpcxpresso_6.1.2_177/lpcxpresso/tools/bin/../lib/gcc/arm-none-eabi/4.6.2/armv6-m/libcr_eabihelpers.a(float.o)
 .text.__aeabi_f2lz
                0x0000000000000000       0x64 /Applications/lpcxpresso_6.1.2_177/lpcxpresso/tools/bin/../lib/gcc/arm-none-eabi/4.6.2/armv6-m/libcr_eabihelpers.a(float.o)
 .text.__aeabi_f2ulz
                0x0000000000000000       0x3e /Applications/lpcxpresso_6.1.2_177/lpcxpresso/tools/bin/../lib/gcc/arm-none-eabi/4.6.2/armv6-m/libcr_eabihelpers.a(float.o)
 .text.__bhs_ul2f
                0x0000000000000000       0x84 /Applications/lpcxpresso_6.1.2_177/lpcxpresso/tools/bin/../lib/gcc/arm-none-eabi/4.6.2/armv6-m/libcr_eabihelpers.a(float.o)
 .text.__aeabi_l2f
                0x0000000000000000       0x20 /Applications/lpcxpresso_6.1.2_177/lpcxpresso/tools/bin/../lib/gcc/arm-none-eabi/4.6.2/armv6-m/libcr_eabihelpers.a(float.o)
 .text.__aeabi_ul2f
                0x0000000000000000        0xc /Applications/lpcxpresso_6.1.2_177/lpcxpresso/tools/bin/../lib/gcc/arm-none-eabi/4.6.2/armv6-m/libcr_eabihelpers.a(float.o)
 .text.__aeabi_f2d
                0x0000000000000000       0x3c /Applications/lpcxpresso_6.1.2_177/lpcxpresso/tools/bin/../lib/gcc/arm-none-eabi/4.6.2/armv6-m/libcr_eabihelpers.a(float.o)
 .text.__aeabi_fcmpeq
                0x0000000000000000       0x22 /Applications/lpcxpresso_6.1.2_177/lpcxpresso/tools/bin/../lib/gcc/arm-none-eabi/4.6.2/armv6-m/libcr_eabihelpers.a(float.o)
 .text.__aeabi_fcmpgt
                0x0000000000000000       0x40 /Applications/lpcxpresso_6.1.2_177/lpcxpresso/tools/bin/../lib/gcc/arm-none-eabi/4.6.2/armv6-m/libcr_eabihelpers.a(float.o)
 .text.__aeabi_fcmple
                0x0000000000000000       0x44 /Applications/lpcxpresso_6.1.2_177/lpcxpresso/tools/bin/../lib/gcc/arm-none-eabi/4.6.2/armv6-m/libcr_eabihelpers.a(float.o)
 .text.__aeabi_fcmpge
                0x0000000000000000       0x44 /Applications/lpcxpresso_6.1.2_177/lpcxpresso/tools/bin/../lib/gcc/arm-none-eabi/4.6.2/armv6-m/libcr_eabihelpers.a(float.o)
 .text.__aeabi_fcmpun
                0x0000000000000000       0x18 /Applications/lpcxpresso_6.1.2_177/lpcxpresso/tools/bin/../lib/gcc/arm-none-eabi/4.6.2/armv6-m/libcr_eabihelpers.a(float.o)
 .text.__aeabi_cfcmple
                0x0000000000000000       0x24 /Applications/lpcxpresso_6.1.2_177/lpcxpresso/tools/bin/../lib/gcc/arm-none-eabi/4.6.2/armv6-m/libcr_eabihelpers.a(float.o)
 .text.__aeabi_cfrcmple
                0x0000000000000000        0xe /Applications/lpcxpresso_6.1.2_177/lpcxpresso/tools/bin/../lib/gcc/arm-none-eabi/4.6.2/armv6-m/libcr_eabihelpers.a(float.o)
 .text          0x0000000000000000        0x0 /Applications/lpcxpresso_6.1.2_177/lpcxpresso/tools/bin/../lib/gcc/arm-none-eabi/4.6.2/armv6-m/libcr_eabihelpers.a(llong.o)
 .data          0x0000000000000000        0x0 /Applications/lpcxpresso_6.1.2_177/lpcxpresso/tools/bin/../lib/gcc/arm-none-eabi/4.6.2/armv6-m/libcr_eabihelpers.a(llong.o)
 .bss           0x0000000000000000        0x0 /Applications/lpcxpresso_6.1.2_177/lpcxpresso/tools/bin/../lib/gcc/arm-none-eabi/4.6.2/armv6-m/libcr_eabihelpers.a(llong.o)
 .text.__aeabi_llong_llsl
                0x0000000000000000       0x18 /Applications/lpcxpresso_6.1.2_177/lpcxpresso/tools/bin/../lib/gcc/arm-none-eabi/4.6.2/armv6-m/libcr_eabihelpers.a(llong.o)
 .text.__aeabi_llong_llsr
                0x0000000000000000       0x18 /Applications/lpcxpresso_6.1.2_177/lpcxpresso/tools/bin/../lib/gcc/arm-none-eabi/4.6.2/armv6-m/libcr_eabihelpers.a(llong.o)
 .text.__aeabi_llong_lasr
                0x0000000000000000       0x18 /Applications/lpcxpresso_6.1.2_177/lpcxpresso/tools/bin/../lib/gcc/arm-none-eabi/4.6.2/armv6-m/libcr_eabihelpers.a(llong.o)
 .text.__aeabi_llong_lcmp
                0x0000000000000000       0x14 /Applications/lpcxpresso_6.1.2_177/lpcxpresso/tools/bin/../lib/gcc/arm-none-eabi/4.6.2/armv6-m/libcr_eabihelpers.a(llong.o)
 .text.__aeabi_llong_ulcmp
                0x0000000000000000       0x10 /Applications/lpcxpresso_6.1.2_177/lpcxpresso/tools/bin/../lib/gcc/arm-none-eabi/4.6.2/armv6-m/libcr_eabihelpers.a(llong.o)

Memory Configuration

Name             Origin             Length             Attributes
MFlash32         0x0000000000000000 0x0000000000008000 xr
RamLoc8          0x0000000010000000 0x0000000000002000 xrw
*default*        0x0000000000000000 0xffffffffffffffff

Linker script and memory map

LOAD ./startup/cr_startup_lpc11.o
LOAD ./src/blinky_main.o
LOAD ./driver/adc.o
LOAD ./driver/can.o
LOAD ./driver/clkconfig.o
LOAD ./driver/crp.o
LOAD ./driver/debug_printf.o
LOAD ./driver/gpio.o
LOAD ./driver/i2c.o
LOAD ./driver/i2cslave.o
LOAD ./driver/lpc_swu.o
LOAD ./driver/rs485.o
LOAD ./driver/small_gpio.o
LOAD ./driver/ssp.o
LOAD ./driver/timer16.o
LOAD ./driver/timer32.o
LOAD ./driver/uart.o
LOAD ./driver/wdt.o
LOAD ./cmsis/core_cm0.o
LOAD ./cmsis/system_LPC11xx.o
START GROUP
LOAD /Applications/lpcxpresso_6.1.2_177/lpcxpresso/tools/bin/../lib/gcc/arm-none-eabi/4.6.2/../../../../arm-none-eabi/lib/armv6-m/libcr_c.a
LOAD /Applications/lpcxpresso_6.1.2_177/lpcxpresso/tools/bin/../lib/gcc/arm-none-eabi/4.6.2/../../../../arm-none-eabi/lib/armv6-m/libcr_semihost.a
LOAD /Applications/lpcxpresso_6.1.2_177/lpcxpresso/tools/bin/../lib/gcc/arm-none-eabi/4.6.2/armv6-m/libcr_eabihelpers.a
END GROUP
                0x0000000000008000                __top_MFlash32 = 0x8000
                0x0000000010002000                __top_RamLoc8 = 0x10002000

.text           0x0000000000000000      0xc58
 FILL mask 0xff
 *(.isr_vector)
 .isr_vector    0x0000000000000000       0xc0 ./startup/cr_startup_lpc11.o
                0x0000000000000000                g_pfnVectors
 *(.text.Reset_Handler .text.SystemInit)
 .text.SystemInit
                0x00000000000000c0       0xb0 ./cmsis/system_LPC11xx.o
                0x00000000000000c0                SystemInit
                0x00000000000002fc                . = 0x2fc
 *fill*         0x0000000000000170      0x18c ff
 *(.crp)
 .crp           0x00000000000002fc        0x4 ./driver/crp.o
                0x00000000000002fc                CRP_WORD
 *(.text*)
 .text.ResetISR
                0x0000000000000300       0x64 ./startup/cr_startup_lpc11.o
                0x0000000000000300                ResetISR
 .text.NMI_Handler
                0x0000000000000364        0x8 ./startup/cr_startup_lpc11.o
                0x0000000000000364                NMI_Handler
 .text.HardFault_Handler
                0x000000000000036c        0x8 ./startup/cr_startup_lpc11.o
                0x000000000000036c                HardFault_Handler
 .text.SVCall_Handler
                0x0000000000000374        0x8 ./startup/cr_startup_lpc11.o
                0x0000000000000374                SVCall_Handler
 .text.PendSV_Handler
                0x000000000000037c        0x8 ./startup/cr_startup_lpc11.o
                0x000000000000037c                PendSV_Handler
 .text.SysTick_Handler
                0x0000000000000384        0x8 ./startup/cr_startup_lpc11.o
                0x0000000000000384                SysTick_Handler
 .text.IntDefaultHandler
                0x000000000000038c        0x8 ./startup/cr_startup_lpc11.o
                0x000000000000038c                PIOINT3_IRQHandler
                0x000000000000038c                UART_IRQHandler
                0x000000000000038c                TIMER32_1_IRQHandler
                0x000000000000038c                IntDefaultHandler
                0x000000000000038c                PIOINT1_IRQHandler
                0x000000000000038c                CAN_IRQHandler
                0x000000000000038c                SSP0_IRQHandler
                0x000000000000038c                TIMER16_1_IRQHandler
                0x000000000000038c                ADC_IRQHandler
                0x000000000000038c                SSP1_IRQHandler
                0x000000000000038c                PIOINT2_IRQHandler
                0x000000000000038c                BOD_IRQHandler
                0x000000000000038c                WAKEUP_IRQHandler
                0x000000000000038c                PIOINT0_IRQHandler
                0x000000000000038c                I2C_IRQHandler
                0x000000000000038c                WDT_IRQHandler
                0x000000000000038c                TIMER16_0_IRQHandler
 .text.__WFI    0x0000000000000394        0xc ./src/blinky_main.o
 .text.SetSegment
                0x00000000000003a0       0x8c ./src/blinky_main.o
                0x00000000000003a0                SetSegment
 .text.Init7Segment
                0x000000000000042c       0x3c ./src/blinky_main.o
                0x000000000000042c                Init7Segment
 .text.main     0x0000000000000468      0x108 ./src/blinky_main.o
                0x0000000000000468                main
 .text.GPIOInit
                0x0000000000000570       0x1c ./driver/gpio.o
                0x0000000000000570                GPIOInit
 .text.GPIOSetValue
                0x000000000000058c       0x38 ./driver/gpio.o
                0x000000000000058c                GPIOSetValue
 .text.GPIOSetDir
                0x00000000000005c4       0x74 ./driver/gpio.o
                0x00000000000005c4                GPIOSetDir
 .text.NVIC_EnableIRQ
                0x0000000000000638       0x2c ./driver/timer32.o
 .text.TIMER32_0_IRQHandler
                0x0000000000000664       0x50 ./driver/timer32.o
                0x0000000000000664                TIMER32_0_IRQHandler
 .text.enable_timer32
                0x00000000000006b4       0x30 ./driver/timer32.o
                0x00000000000006b4                enable_timer32
 .text.init_timer32
                0x00000000000006e4      0x140 ./driver/timer32.o
                0x00000000000006e4                init_timer32
 .text.SystemCoreClockUpdate
                0x0000000000000824       0xac ./cmsis/system_LPC11xx.o
                0x0000000000000824                SystemCoreClockUpdate
 .text.__weak_main
                0x00000000000008d0        0x8 /Applications/lpcxpresso_6.1.2_177/lpcxpresso/tools/bin/../lib/gcc/arm-none-eabi/4.6.2/../../../../arm-none-eabi/lib/armv6-m/libcr_c.a(__weak__main.o)
                0x00000000000008d0                __main
                0x00000000000008d0                __weak_main
 .text.__aeabi_division_idivmod
                0x00000000000008d8        0x6 /Applications/lpcxpresso_6.1.2_177/lpcxpresso/tools/bin/../lib/gcc/arm-none-eabi/4.6.2/armv6-m/libcr_eabihelpers.a(division.o)
                0x00000000000008d8                __aeabi_idiv
                0x00000000000008d8                __aeabi_idivmod
 .text.__aeabi_division_uidivmod
                0x00000000000008de       0x72 /Applications/lpcxpresso_6.1.2_177/lpcxpresso/tools/bin/../lib/gcc/arm-none-eabi/4.6.2/armv6-m/libcr_eabihelpers.a(division.o)
                0x00000000000008de                __aeabi_uidiv
                0x00000000000008de                __aeabi_uidivmod
 .text.__aeabi_division_idiv0
                0x0000000000000950        0x2 /Applications/lpcxpresso_6.1.2_177/lpcxpresso/tools/bin/../lib/gcc/arm-none-eabi/4.6.2/armv6-m/libcr_eabihelpers.a(division.o)
                0x0000000000000950                __aeabi_idiv0
 *fill*         0x0000000000000952        0x2 00
 .text.__aeabi_fmul
                0x0000000000000954       0xd0 /Applications/lpcxpresso_6.1.2_177/lpcxpresso/tools/bin/../lib/gcc/arm-none-eabi/4.6.2/armv6-m/libcr_eabihelpers.a(float.o)
                0x0000000000000954                __aeabi_fmul
 .text.__aeabi_fdiv
                0x0000000000000a24       0xe4 /Applications/lpcxpresso_6.1.2_177/lpcxpresso/tools/bin/../lib/gcc/arm-none-eabi/4.6.2/armv6-m/libcr_eabihelpers.a(float.o)
                0x0000000000000a24                __aeabi_fdiv
 .text.__bhs_ui2f
                0x0000000000000b08       0x62 /Applications/lpcxpresso_6.1.2_177/lpcxpresso/tools/bin/../lib/gcc/arm-none-eabi/4.6.2/armv6-m/libcr_eabihelpers.a(float.o)
                0x0000000000000b08                __bhs_ui2f
 .text.__aeabi_i2f
                0x0000000000000b6a       0x16 /Applications/lpcxpresso_6.1.2_177/lpcxpresso/tools/bin/../lib/gcc/arm-none-eabi/4.6.2/armv6-m/libcr_eabihelpers.a(float.o)
                0x0000000000000b6a                __aeabi_i2f
 .text.__aeabi_ui2f
                0x0000000000000b80        0xc /Applications/lpcxpresso_6.1.2_177/lpcxpresso/tools/bin/../lib/gcc/arm-none-eabi/4.6.2/armv6-m/libcr_eabihelpers.a(float.o)
                0x0000000000000b80                __aeabi_ui2f
 .text.__aeabi_fcmplt
                0x0000000000000b8c       0x42 /Applications/lpcxpresso_6.1.2_177/lpcxpresso/tools/bin/../lib/gcc/arm-none-eabi/4.6.2/armv6-m/libcr_eabihelpers.a(float.o)
                0x0000000000000b8c                __aeabi_fcmplt
 .text.__aeabi_llong_lmul
                0x0000000000000bce       0x2e /Applications/lpcxpresso_6.1.2_177/lpcxpresso/tools/bin/../lib/gcc/arm-none-eabi/4.6.2/armv6-m/libcr_eabihelpers.a(llong.o)
                0x0000000000000bce                __aeabi_lmul
 *(.rodata*)
 .rodata.segmentlut
                0x0000000000000bfc        0xc ./src/blinky_main.o
 .rodata.LPC_GPIO
                0x0000000000000c08       0x10 ./driver/gpio.o
 .rodata.CSWTCH.7
                0x0000000000000c18       0x40 ./cmsis/system_LPC11xx.o

.glue_7         0x0000000000000c58        0x0
 .glue_7        0x0000000000000000        0x0 linker stubs

.glue_7t        0x0000000000000c58        0x0
 .glue_7t       0x0000000000000000        0x0 linker stubs

.vfp11_veneer   0x0000000000000c58        0x0
 .vfp11_veneer  0x0000000000000000        0x0 linker stubs

.v4_bx          0x0000000000000c58        0x0
 .v4_bx         0x0000000000000000        0x0 linker stubs

.ARM.extab
 *(.ARM.extab* .gnu.linkonce.armextab.*)
                0x0000000000000c58                __exidx_start = .

.ARM.exidx
 *(.ARM.exidx* .gnu.linkonce.armexidx.*)
                0x0000000000000c58                __exidx_end = .
                0x0000000000000c58                _etext = .

.data           0x0000000010000000        0xc load address 0x0000000000000c58
                0x0000000010000000                _data = .
 *(vtable)
 *(.data*)
 .data.freq     0x0000000010000000        0x4 ./src/blinky_main.o
                0x0000000010000000                freq
 .data.duty     0x0000000010000004        0x4 ./src/blinky_main.o
                0x0000000010000004                duty
 .data.SystemCoreClock
                0x0000000010000008        0x4 ./cmsis/system_LPC11xx.o
                0x0000000010000008                SystemCoreClock
                0x000000001000000c                _edata = .

.bss            0x000000001000000c        0x8 load address 0x0000000000000c64
                0x000000001000000c                _bss = .
 *(.bss*)
 .bss.timer32_0_counter
                0x000000001000000c        0x4 ./driver/timer32.o
                0x000000001000000c                timer32_0_counter
 .bss.timer32_0_capture
                0x0000000010000010        0x4 ./driver/timer32.o
                0x0000000010000010                timer32_0_capture
 *(COMMON)
                0x0000000010000014                _ebss = .

.cr_heap        0x0000000010000014        0x0 load address 0x0000000000000c64
                0x0000000010000014                end = .
                0x0000000010000014                _pvHeapStart = .
                0x0000000010002000                _vRamTop = __top_RamLoc8
                0x0000000010002000                _vStackTop = _vRamTop
OUTPUT(blinky.axf elf32-littlearm)

.debug_info     0x0000000000000000     0x283e
 .debug_info    0x0000000000000000      0x1ec ./startup/cr_startup_lpc11.o
 .debug_info    0x00000000000001ec      0x30e ./src/blinky_main.o
 .debug_info    0x00000000000004fa       0x70 ./driver/adc.o
 .debug_info    0x000000000000056a       0x70 ./driver/can.o
 .debug_info    0x00000000000005da       0x70 ./driver/clkconfig.o
 .debug_info    0x000000000000064a       0x92 ./driver/crp.o
 .debug_info    0x00000000000006dc       0x70 ./driver/debug_printf.o
 .debug_info    0x000000000000074c      0x7fb ./driver/gpio.o
 .debug_info    0x0000000000000f47       0x70 ./driver/i2c.o
 .debug_info    0x0000000000000fb7       0x70 ./driver/i2cslave.o
 .debug_info    0x0000000000001027       0x70 ./driver/lpc_swu.o
 .debug_info    0x0000000000001097       0x70 ./driver/rs485.o
 .debug_info    0x0000000000001107       0x70 ./driver/small_gpio.o
 .debug_info    0x0000000000001177       0x70 ./driver/ssp.o
 .debug_info    0x00000000000011e7       0x70 ./driver/timer16.o
 .debug_info    0x0000000000001257      0xcd1 ./driver/timer32.o
 .debug_info    0x0000000000001f28       0x70 ./driver/uart.o
 .debug_info    0x0000000000001f98       0x70 ./driver/wdt.o
 .debug_info    0x0000000000002008      0x2ae ./cmsis/core_cm0.o
 .debug_info    0x00000000000022b6      0x588 ./cmsis/system_LPC11xx.o

.debug_abbrev   0x0000000000000000      0x9bd
 .debug_abbrev  0x0000000000000000       0xb4 ./startup/cr_startup_lpc11.o
 .debug_abbrev  0x00000000000000b4      0x174 ./src/blinky_main.o
 .debug_abbrev  0x0000000000000228       0x2c ./driver/adc.o
 .debug_abbrev  0x0000000000000254       0x2c ./driver/can.o
 .debug_abbrev  0x0000000000000280       0x2c ./driver/clkconfig.o
 .debug_abbrev  0x00000000000002ac       0x51 ./driver/crp.o
 .debug_abbrev  0x00000000000002fd       0x2c ./driver/debug_printf.o
 .debug_abbrev  0x0000000000000329      0x192 ./driver/gpio.o
 .debug_abbrev  0x00000000000004bb       0x2c ./driver/i2c.o
 .debug_abbrev  0x00000000000004e7       0x2c ./driver/i2cslave.o
 .debug_abbrev  0x0000000000000513       0x2c ./driver/lpc_swu.o
 .debug_abbrev  0x000000000000053f       0x2c ./driver/rs485.o
 .debug_abbrev  0x000000000000056b       0x2c ./driver/small_gpio.o
 .debug_abbrev  0x0000000000000597       0x2c ./driver/ssp.o
 .debug_abbrev  0x00000000000005c3       0x2c ./driver/timer16.o
 .debug_abbrev  0x00000000000005ef      0x18a ./driver/timer32.o
 .debug_abbrev  0x0000000000000779       0x2c ./driver/uart.o
 .debug_abbrev  0x00000000000007a5       0x2c ./driver/wdt.o
 .debug_abbrev  0x00000000000007d1       0xaf ./cmsis/core_cm0.o
 .debug_abbrev  0x0000000000000880      0x13d ./cmsis/system_LPC11xx.o

.debug_loc      0x0000000000000000      0x752
 .debug_loc     0x0000000000000000      0x140 ./startup/cr_startup_lpc11.o
 .debug_loc     0x0000000000000140       0xc8 ./src/blinky_main.o
 .debug_loc     0x0000000000000208      0x1b4 ./driver/gpio.o
 .debug_loc     0x00000000000003bc      0x1ec ./driver/timer32.o
 .debug_loc     0x00000000000005a8      0x112 ./cmsis/core_cm0.o
 .debug_loc     0x00000000000006ba       0x98 ./cmsis/system_LPC11xx.o

.debug_aranges  0x0000000000000000      0x1d8
 .debug_aranges
                0x0000000000000000       0x50 ./startup/cr_startup_lpc11.o
 .debug_aranges
                0x0000000000000050       0x38 ./src/blinky_main.o
 .debug_aranges
                0x0000000000000088       0x58 ./driver/gpio.o
 .debug_aranges
                0x00000000000000e0       0x60 ./driver/timer32.o
 .debug_aranges
                0x0000000000000140       0x70 ./cmsis/core_cm0.o
 .debug_aranges
                0x00000000000001b0       0x28 ./cmsis/system_LPC11xx.o

.debug_ranges   0x0000000000000000      0x178
 .debug_ranges  0x0000000000000000       0x40 ./startup/cr_startup_lpc11.o
 .debug_ranges  0x0000000000000040       0x28 ./src/blinky_main.o
 .debug_ranges  0x0000000000000068       0x48 ./driver/gpio.o
 .debug_ranges  0x00000000000000b0       0x50 ./driver/timer32.o
 .debug_ranges  0x0000000000000100       0x60 ./cmsis/core_cm0.o
 .debug_ranges  0x0000000000000160       0x18 ./cmsis/system_LPC11xx.o

.debug_line     0x0000000000000000     0x4956
 .debug_line    0x0000000000000000      0x3f8 ./startup/cr_startup_lpc11.o
 .debug_line    0x00000000000003f8      0x41d ./src/blinky_main.o
 .debug_line    0x0000000000000815      0x36e ./driver/adc.o
 .debug_line    0x0000000000000b83      0x36e ./driver/can.o
 .debug_line    0x0000000000000ef1      0x374 ./driver/clkconfig.o
 .debug_line    0x0000000000001265      0x377 ./driver/crp.o
 .debug_line    0x00000000000015dc      0x377 ./driver/debug_printf.o
 .debug_line    0x0000000000001953      0x46c ./driver/gpio.o
 .debug_line    0x0000000000001dbf      0x36e ./driver/i2c.o
 .debug_line    0x000000000000212d      0x373 ./driver/i2cslave.o
 .debug_line    0x00000000000024a0      0x372 ./driver/lpc_swu.o
 .debug_line    0x0000000000002812      0x370 ./driver/rs485.o
 .debug_line    0x0000000000002b82      0x375 ./driver/small_gpio.o
 .debug_line    0x0000000000002ef7      0x36e ./driver/ssp.o
 .debug_line    0x0000000000003265      0x37f ./driver/timer16.o
 .debug_line    0x00000000000035e4      0x4b7 ./driver/timer32.o
 .debug_line    0x0000000000003a9b      0x36f ./driver/uart.o
 .debug_line    0x0000000000003e0a      0x377 ./driver/wdt.o
 .debug_line    0x0000000000004181      0x3eb ./cmsis/core_cm0.o
 .debug_line    0x000000000000456c      0x3ea ./cmsis/system_LPC11xx.o

.debug_macinfo  0x0000000000000000    0x716ea
 .debug_macinfo
                0x0000000000000000     0x3e81 ./startup/cr_startup_lpc11.o
 .debug_macinfo
                0x0000000000003e81     0x5f17 ./src/blinky_main.o
 .debug_macinfo
                0x0000000000009d98     0x5db9 ./driver/adc.o
 .debug_macinfo
                0x000000000000fb51     0x5db9 ./driver/can.o
 .debug_macinfo
                0x000000000001590a     0x5db9 ./driver/clkconfig.o
 .debug_macinfo
                0x000000000001b6c3     0x5f32 ./driver/crp.o
 .debug_macinfo
                0x00000000000215f5     0x5db9 ./driver/debug_printf.o
 .debug_macinfo
                0x00000000000273ae     0x5df1 ./driver/gpio.o
 .debug_macinfo
                0x000000000002d19f     0x5db9 ./driver/i2c.o
 .debug_macinfo
                0x0000000000032f58     0x5db9 ./driver/i2cslave.o
 .debug_macinfo
                0x0000000000038d11     0x5db9 ./driver/lpc_swu.o
 .debug_macinfo
                0x000000000003eaca     0x5db9 ./driver/rs485.o
 .debug_macinfo
                0x0000000000044883     0x5db9 ./driver/small_gpio.o
 .debug_macinfo
                0x000000000004a63c     0x5db9 ./driver/ssp.o
 .debug_macinfo
                0x00000000000503f5     0x5dcc ./driver/timer16.o
 .debug_macinfo
                0x00000000000561c1     0x5e6b ./driver/timer32.o
 .debug_macinfo
                0x000000000005c02c     0x5db9 ./driver/uart.o
 .debug_macinfo
                0x0000000000061de5     0x5dc8 ./driver/wdt.o
 .debug_macinfo
                0x0000000000067bad     0x3c50 ./cmsis/core_cm0.o
 .debug_macinfo
                0x000000000006b7fd     0x5eed ./cmsis/system_LPC11xx.o

.debug_str      0x0000000000000000      0xc6a
 .debug_str     0x0000000000000000      0x1a6 ./startup/cr_startup_lpc11.o
                                        0x1da (size before relaxing)
 .debug_str     0x00000000000001a6       0xc7 ./src/blinky_main.o
                                        0x1cf (size before relaxing)
 .debug_str     0x000000000000026d       0x10 ./driver/adc.o
                                        0x118 (size before relaxing)
 .debug_str     0x000000000000027d       0x10 ./driver/can.o
                                        0x118 (size before relaxing)
 .debug_str     0x000000000000028d       0x16 ./driver/clkconfig.o
                                        0x11e (size before relaxing)
 .debug_str     0x00000000000002a3       0x19 ./driver/crp.o
                                        0x12a (size before relaxing)
 .debug_str     0x00000000000002bc       0x19 ./driver/debug_printf.o
                                        0x121 (size before relaxing)
 .debug_str     0x00000000000002d5      0x337 ./driver/gpio.o
                                        0x489 (size before relaxing)
 .debug_str     0x000000000000060c       0x10 ./driver/i2c.o
                                        0x118 (size before relaxing)
 .debug_str     0x000000000000061c       0x15 ./driver/i2cslave.o
                                        0x11d (size before relaxing)
 .debug_str     0x0000000000000631       0x14 ./driver/lpc_swu.o
                                        0x11c (size before relaxing)
 .debug_str     0x0000000000000645       0x12 ./driver/rs485.o
                                        0x11a (size before relaxing)
 .debug_str     0x0000000000000657       0x17 ./driver/small_gpio.o
                                        0x11f (size before relaxing)
 .debug_str     0x000000000000066e       0x10 ./driver/ssp.o
                                        0x118 (size before relaxing)
 .debug_str     0x000000000000067e       0x14 ./driver/timer16.o
                                        0x11c (size before relaxing)
 .debug_str     0x0000000000000692      0x4a6 ./driver/timer32.o
                                        0x893 (size before relaxing)
 .debug_str     0x0000000000000b38       0x11 ./driver/uart.o
                                        0x119 (size before relaxing)
 .debug_str     0x0000000000000b49       0x10 ./driver/wdt.o
                                        0x118 (size before relaxing)
 .debug_str     0x0000000000000b59       0xc8 ./cmsis/core_cm0.o
                                        0x1ef (size before relaxing)
 .debug_str     0x0000000000000c21       0x49 ./cmsis/system_LPC11xx.o
                                        0x416 (size before relaxing)

.comment        0x0000000000000000       0xe0
 .comment       0x0000000000000000       0x70 ./startup/cr_startup_lpc11.o
                                         0x71 (size before relaxing)
 .comment       0x0000000000000000       0x71 ./src/blinky_main.o
 .comment       0x0000000000000000       0x71 ./driver/adc.o
 .comment       0x0000000000000000       0x71 ./driver/can.o
 .comment       0x0000000000000000       0x71 ./driver/clkconfig.o
 .comment       0x0000000000000000       0x71 ./driver/crp.o
 .comment       0x0000000000000000       0x71 ./driver/debug_printf.o
 .comment       0x0000000000000000       0x71 ./driver/gpio.o
 .comment       0x0000000000000000       0x71 ./driver/i2c.o
 .comment       0x0000000000000000       0x71 ./driver/i2cslave.o
 .comment       0x0000000000000000       0x71 ./driver/lpc_swu.o
 .comment       0x0000000000000000       0x71 ./driver/rs485.o
 .comment       0x0000000000000000       0x71 ./driver/small_gpio.o
 .comment       0x0000000000000000       0x71 ./driver/ssp.o
 .comment       0x0000000000000000       0x71 ./driver/timer16.o
 .comment       0x0000000000000000       0x71 ./driver/timer32.o
 .comment       0x0000000000000000       0x71 ./driver/uart.o
 .comment       0x0000000000000000       0x71 ./driver/wdt.o
 .comment       0x0000000000000000       0x71 ./cmsis/core_cm0.o
 .comment       0x0000000000000000       0x71 ./cmsis/system_LPC11xx.o
 .comment       0x0000000000000000       0x71 /Applications/lpcxpresso_6.1.2_177/lpcxpresso/tools/bin/../lib/gcc/arm-none-eabi/4.6.2/../../../../arm-none-eabi/lib/armv6-m/libcr_c.a(__weak__main.o)
 .comment       0x0000000000000070       0x70 /Applications/lpcxpresso_6.1.2_177/lpcxpresso/tools/bin/../lib/gcc/arm-none-eabi/4.6.2/armv6-m/libcr_eabihelpers.a(float.o)
                                         0x71 (size before relaxing)

.ARM.attributes
                0x0000000000000000       0x2f
 .ARM.attributes
                0x0000000000000000       0x31 ./startup/cr_startup_lpc11.o
 .ARM.attributes
                0x0000000000000031       0x31 ./src/blinky_main.o
 .ARM.attributes
                0x0000000000000062       0x31 ./driver/adc.o
 .ARM.attributes
                0x0000000000000093       0x31 ./driver/can.o
 .ARM.attributes
                0x00000000000000c4       0x31 ./driver/clkconfig.o
 .ARM.attributes
                0x00000000000000f5       0x31 ./driver/crp.o
 .ARM.attributes
                0x0000000000000126       0x31 ./driver/debug_printf.o
 .ARM.attributes
                0x0000000000000157       0x31 ./driver/gpio.o
 .ARM.attributes
                0x0000000000000188       0x31 ./driver/i2c.o
 .ARM.attributes
                0x00000000000001b9       0x31 ./driver/i2cslave.o
 .ARM.attributes
                0x00000000000001ea       0x31 ./driver/lpc_swu.o
 .ARM.attributes
                0x000000000000021b       0x31 ./driver/rs485.o
 .ARM.attributes
                0x000000000000024c       0x31 ./driver/small_gpio.o
 .ARM.attributes
                0x000000000000027d       0x31 ./driver/ssp.o
 .ARM.attributes
                0x00000000000002ae       0x31 ./driver/timer16.o
 .ARM.attributes
                0x00000000000002df       0x31 ./driver/timer32.o
 .ARM.attributes
                0x0000000000000310       0x31 ./driver/uart.o
 .ARM.attributes
                0x0000000000000341       0x31 ./driver/wdt.o
 .ARM.attributes
                0x0000000000000372       0x31 ./cmsis/core_cm0.o
 .ARM.attributes
                0x00000000000003a3       0x31 ./cmsis/system_LPC11xx.o
 .ARM.attributes
                0x00000000000003d4       0x31 /Applications/lpcxpresso_6.1.2_177/lpcxpresso/tools/bin/../lib/gcc/arm-none-eabi/4.6.2/../../../../arm-none-eabi/lib/armv6-m/libcr_c.a(__weak__main.o)
 .ARM.attributes
                0x0000000000000405       0x21 /Applications/lpcxpresso_6.1.2_177/lpcxpresso/tools/bin/../lib/gcc/arm-none-eabi/4.6.2/armv6-m/libcr_eabihelpers.a(division.o)
 .ARM.attributes
                0x0000000000000426       0x31 /Applications/lpcxpresso_6.1.2_177/lpcxpresso/tools/bin/../lib/gcc/arm-none-eabi/4.6.2/armv6-m/libcr_eabihelpers.a(float.o)
 .ARM.attributes
                0x0000000000000457       0x21 /Applications/lpcxpresso_6.1.2_177/lpcxpresso/tools/bin/../lib/gcc/arm-none-eabi/4.6.2/armv6-m/libcr_eabihelpers.a(llong.o)

.debug_frame    0x0000000000000000      0x4a4
 .debug_frame   0x0000000000000000       0xd8 ./startup/cr_startup_lpc11.o
 .debug_frame   0x00000000000000d8       0x8c ./src/blinky_main.o
 .debug_frame   0x0000000000000164      0x10c ./driver/gpio.o
 .debug_frame   0x0000000000000270      0x12c ./driver/timer32.o
 .debug_frame   0x000000000000039c       0xc0 ./cmsis/core_cm0.o
 .debug_frame   0x000000000000045c       0x48 ./cmsis/system_LPC11xx.o
