Archive member included because of file (symbol)

/Applications/lpcxpresso_7.1.1_125/lpcxpresso/tools/bin/../lib/gcc/arm-none-eabi/4.8.3/../../../../arm-none-eabi/lib/armv6-m/libcr_c.a(__weak__main.o)
                              ./startup/cr_startup_lpc11.o (__main)
/Applications/lpcxpresso_7.1.1_125/lpcxpresso/tools/bin/../lib/gcc/arm-none-eabi/4.8.3/armv6-m/libcr_eabihelpers.a(division_32.o)
                              ./src/blinky_main.o (__aeabi_idivmod)
/Applications/lpcxpresso_7.1.1_125/lpcxpresso/tools/bin/../lib/gcc/arm-none-eabi/4.8.3/armv6-m/libcr_eabihelpers.a(division_idiv0.o)
                              /Applications/lpcxpresso_7.1.1_125/lpcxpresso/tools/bin/../lib/gcc/arm-none-eabi/4.8.3/armv6-m/libcr_eabihelpers.a(division_32.o) (__aeabi_idiv0)

Discarded input sections

 .group         0x0000000000000000        0x8 ./startup/cr_startup_lpc11.o
 .group         0x0000000000000000        0x8 ./startup/cr_startup_lpc11.o
 .group         0x0000000000000000        0x8 ./startup/cr_startup_lpc11.o
 .group         0x0000000000000000        0x8 ./startup/cr_startup_lpc11.o
 .group         0x0000000000000000        0x8 ./startup/cr_startup_lpc11.o
 .text          0x0000000000000000        0x0 ./startup/cr_startup_lpc11.o
 .data          0x0000000000000000        0x0 ./startup/cr_startup_lpc11.o
 .bss           0x0000000000000000        0x0 ./startup/cr_startup_lpc11.o
 .group         0x0000000000000000        0x8 ./src/blinky_main.o
 .group         0x0000000000000000        0x8 ./src/blinky_main.o
 .group         0x0000000000000000        0x8 ./src/blinky_main.o
 .group         0x0000000000000000        0x8 ./src/blinky_main.o
 .group         0x0000000000000000        0x8 ./src/blinky_main.o
 .group         0x0000000000000000        0x8 ./src/blinky_main.o
 .group         0x0000000000000000        0x8 ./src/blinky_main.o
 .group         0x0000000000000000        0x8 ./src/blinky_main.o
 .group         0x0000000000000000        0x8 ./src/blinky_main.o
 .group         0x0000000000000000        0x8 ./src/blinky_main.o
 .group         0x0000000000000000        0x8 ./src/blinky_main.o
 .group         0x0000000000000000        0x8 ./src/blinky_main.o
 .group         0x0000000000000000        0x8 ./src/blinky_main.o
 .text          0x0000000000000000        0x0 ./src/blinky_main.o
 .data          0x0000000000000000        0x0 ./src/blinky_main.o
 .bss           0x0000000000000000        0x0 ./src/blinky_main.o
 .debug_macro   0x0000000000000000      0x81a ./src/blinky_main.o
 .debug_macro   0x0000000000000000       0x10 ./src/blinky_main.o
 .debug_macro   0x0000000000000000      0x122 ./src/blinky_main.o
 .debug_macro   0x0000000000000000      0x5b9 ./src/blinky_main.o
 .group         0x0000000000000000        0x8 ./driver/adc.o
 .group         0x0000000000000000        0x8 ./driver/adc.o
 .group         0x0000000000000000        0x8 ./driver/adc.o
 .group         0x0000000000000000        0x8 ./driver/adc.o
 .group         0x0000000000000000        0x8 ./driver/adc.o
 .group         0x0000000000000000        0x8 ./driver/adc.o
 .group         0x0000000000000000        0x8 ./driver/adc.o
 .group         0x0000000000000000        0x8 ./driver/adc.o
 .group         0x0000000000000000        0x8 ./driver/adc.o
 .group         0x0000000000000000        0x8 ./driver/adc.o
 .text          0x0000000000000000        0x0 ./driver/adc.o
 .data          0x0000000000000000        0x0 ./driver/adc.o
 .bss           0x0000000000000000        0x0 ./driver/adc.o
 .debug_info    0x0000000000000000       0x6f ./driver/adc.o
 .debug_abbrev  0x0000000000000000       0x29 ./driver/adc.o
 .debug_aranges
                0x0000000000000000       0x18 ./driver/adc.o
 .debug_macro   0x0000000000000000       0x70 ./driver/adc.o
 .debug_macro   0x0000000000000000      0x81a ./driver/adc.o
 .debug_macro   0x0000000000000000       0x1c ./driver/adc.o
 .debug_macro   0x0000000000000000       0x22 ./driver/adc.o
 .debug_macro   0x0000000000000000       0x10 ./driver/adc.o
 .debug_macro   0x0000000000000000      0x122 ./driver/adc.o
 .debug_macro   0x0000000000000000      0x5b9 ./driver/adc.o
 .debug_macro   0x0000000000000000      0x37a ./driver/adc.o
 .debug_macro   0x0000000000000000       0x8d ./driver/adc.o
 .debug_macro   0x0000000000000000      0x123 ./driver/adc.o
 .debug_macro   0x0000000000000000       0x22 ./driver/adc.o
 .debug_line    0x0000000000000000      0x151 ./driver/adc.o
 .debug_str     0x0000000000000000     0x593c ./driver/adc.o
 .comment       0x0000000000000000       0x71 ./driver/adc.o
 .ARM.attributes
                0x0000000000000000       0x31 ./driver/adc.o
 .group         0x0000000000000000        0x8 ./driver/can.o
 .group         0x0000000000000000        0x8 ./driver/can.o
 .group         0x0000000000000000        0x8 ./driver/can.o
 .group         0x0000000000000000        0x8 ./driver/can.o
 .group         0x0000000000000000        0x8 ./driver/can.o
 .group         0x0000000000000000        0x8 ./driver/can.o
 .group         0x0000000000000000        0x8 ./driver/can.o
 .group         0x0000000000000000        0x8 ./driver/can.o
 .group         0x0000000000000000        0x8 ./driver/can.o
 .group         0x0000000000000000        0x8 ./driver/can.o
 .text          0x0000000000000000        0x0 ./driver/can.o
 .data          0x0000000000000000        0x0 ./driver/can.o
 .bss           0x0000000000000000        0x0 ./driver/can.o
 .debug_info    0x0000000000000000       0x6f ./driver/can.o
 .debug_abbrev  0x0000000000000000       0x29 ./driver/can.o
 .debug_aranges
                0x0000000000000000       0x18 ./driver/can.o
 .debug_macro   0x0000000000000000       0x70 ./driver/can.o
 .debug_macro   0x0000000000000000      0x81a ./driver/can.o
 .debug_macro   0x0000000000000000       0x1c ./driver/can.o
 .debug_macro   0x0000000000000000       0x22 ./driver/can.o
 .debug_macro   0x0000000000000000       0x10 ./driver/can.o
 .debug_macro   0x0000000000000000      0x122 ./driver/can.o
 .debug_macro   0x0000000000000000      0x5b9 ./driver/can.o
 .debug_macro   0x0000000000000000      0x37a ./driver/can.o
 .debug_macro   0x0000000000000000       0x8d ./driver/can.o
 .debug_macro   0x0000000000000000      0x123 ./driver/can.o
 .debug_macro   0x0000000000000000       0x22 ./driver/can.o
 .debug_line    0x0000000000000000      0x151 ./driver/can.o
 .debug_str     0x0000000000000000     0x593c ./driver/can.o
 .comment       0x0000000000000000       0x71 ./driver/can.o
 .ARM.attributes
                0x0000000000000000       0x31 ./driver/can.o
 .group         0x0000000000000000        0x8 ./driver/clkconfig.o
 .group         0x0000000000000000        0x8 ./driver/clkconfig.o
 .group         0x0000000000000000        0x8 ./driver/clkconfig.o
 .group         0x0000000000000000        0x8 ./driver/clkconfig.o
 .group         0x0000000000000000        0x8 ./driver/clkconfig.o
 .group         0x0000000000000000        0x8 ./driver/clkconfig.o
 .group         0x0000000000000000        0x8 ./driver/clkconfig.o
 .group         0x0000000000000000        0x8 ./driver/clkconfig.o
 .group         0x0000000000000000        0x8 ./driver/clkconfig.o
 .group         0x0000000000000000        0x8 ./driver/clkconfig.o
 .text          0x0000000000000000        0x0 ./driver/clkconfig.o
 .data          0x0000000000000000        0x0 ./driver/clkconfig.o
 .bss           0x0000000000000000        0x0 ./driver/clkconfig.o
 .debug_info    0x0000000000000000       0x6f ./driver/clkconfig.o
 .debug_abbrev  0x0000000000000000       0x29 ./driver/clkconfig.o
 .debug_aranges
                0x0000000000000000       0x18 ./driver/clkconfig.o
 .debug_macro   0x0000000000000000       0x70 ./driver/clkconfig.o
 .debug_macro   0x0000000000000000      0x81a ./driver/clkconfig.o
 .debug_macro   0x0000000000000000       0x1c ./driver/clkconfig.o
 .debug_macro   0x0000000000000000       0x22 ./driver/clkconfig.o
 .debug_macro   0x0000000000000000       0x10 ./driver/clkconfig.o
 .debug_macro   0x0000000000000000      0x122 ./driver/clkconfig.o
 .debug_macro   0x0000000000000000      0x5b9 ./driver/clkconfig.o
 .debug_macro   0x0000000000000000      0x37a ./driver/clkconfig.o
 .debug_macro   0x0000000000000000       0x8d ./driver/clkconfig.o
 .debug_macro   0x0000000000000000      0x123 ./driver/clkconfig.o
 .debug_macro   0x0000000000000000       0x22 ./driver/clkconfig.o
 .debug_line    0x0000000000000000      0x157 ./driver/clkconfig.o
 .debug_str     0x0000000000000000     0x5942 ./driver/clkconfig.o
 .comment       0x0000000000000000       0x71 ./driver/clkconfig.o
 .ARM.attributes
                0x0000000000000000       0x31 ./driver/clkconfig.o
 .group         0x0000000000000000        0x8 ./driver/crp.o
 .group         0x0000000000000000        0x8 ./driver/crp.o
 .group         0x0000000000000000        0x8 ./driver/crp.o
 .group         0x0000000000000000        0x8 ./driver/crp.o
 .group         0x0000000000000000        0x8 ./driver/crp.o
 .group         0x0000000000000000        0x8 ./driver/crp.o
 .group         0x0000000000000000        0x8 ./driver/crp.o
 .group         0x0000000000000000        0x8 ./driver/crp.o
 .group         0x0000000000000000        0x8 ./driver/crp.o
 .group         0x0000000000000000        0x8 ./driver/crp.o
 .group         0x0000000000000000        0x8 ./driver/crp.o
 .group         0x0000000000000000        0x8 ./driver/crp.o
 .text          0x0000000000000000        0x0 ./driver/crp.o
 .data          0x0000000000000000        0x0 ./driver/crp.o
 .bss           0x0000000000000000        0x0 ./driver/crp.o
 .debug_macro   0x0000000000000000      0x81a ./driver/crp.o
 .debug_macro   0x0000000000000000       0x1c ./driver/crp.o
 .debug_macro   0x0000000000000000       0x22 ./driver/crp.o
 .debug_macro   0x0000000000000000       0x10 ./driver/crp.o
 .debug_macro   0x0000000000000000      0x122 ./driver/crp.o
 .debug_macro   0x0000000000000000      0x5b9 ./driver/crp.o
 .debug_macro   0x0000000000000000      0x37a ./driver/crp.o
 .debug_macro   0x0000000000000000       0x8d ./driver/crp.o
 .debug_macro   0x0000000000000000      0x123 ./driver/crp.o
 .debug_macro   0x0000000000000000       0x22 ./driver/crp.o
 .group         0x0000000000000000        0x8 ./driver/debug_printf.o
 .group         0x0000000000000000        0x8 ./driver/debug_printf.o
 .group         0x0000000000000000        0x8 ./driver/debug_printf.o
 .group         0x0000000000000000        0x8 ./driver/debug_printf.o
 .group         0x0000000000000000        0x8 ./driver/debug_printf.o
 .group         0x0000000000000000        0x8 ./driver/debug_printf.o
 .group         0x0000000000000000        0x8 ./driver/debug_printf.o
 .group         0x0000000000000000        0x8 ./driver/debug_printf.o
 .group         0x0000000000000000        0x8 ./driver/debug_printf.o
 .group         0x0000000000000000        0x8 ./driver/debug_printf.o
 .text          0x0000000000000000        0x0 ./driver/debug_printf.o
 .data          0x0000000000000000        0x0 ./driver/debug_printf.o
 .bss           0x0000000000000000        0x0 ./driver/debug_printf.o
 .debug_info    0x0000000000000000       0x6f ./driver/debug_printf.o
 .debug_abbrev  0x0000000000000000       0x29 ./driver/debug_printf.o
 .debug_aranges
                0x0000000000000000       0x18 ./driver/debug_printf.o
 .debug_macro   0x0000000000000000       0x70 ./driver/debug_printf.o
 .debug_macro   0x0000000000000000      0x81a ./driver/debug_printf.o
 .debug_macro   0x0000000000000000       0x1c ./driver/debug_printf.o
 .debug_macro   0x0000000000000000       0x22 ./driver/debug_printf.o
 .debug_macro   0x0000000000000000       0x10 ./driver/debug_printf.o
 .debug_macro   0x0000000000000000      0x122 ./driver/debug_printf.o
 .debug_macro   0x0000000000000000      0x5b9 ./driver/debug_printf.o
 .debug_macro   0x0000000000000000      0x37a ./driver/debug_printf.o
 .debug_macro   0x0000000000000000       0x8d ./driver/debug_printf.o
 .debug_macro   0x0000000000000000      0x123 ./driver/debug_printf.o
 .debug_macro   0x0000000000000000       0x22 ./driver/debug_printf.o
 .debug_line    0x0000000000000000      0x15a ./driver/debug_printf.o
 .debug_str     0x0000000000000000     0x5945 ./driver/debug_printf.o
 .comment       0x0000000000000000       0x71 ./driver/debug_printf.o
 .ARM.attributes
                0x0000000000000000       0x31 ./driver/debug_printf.o
 .group         0x0000000000000000        0x8 ./driver/gpio.o
 .group         0x0000000000000000        0x8 ./driver/gpio.o
 .group         0x0000000000000000        0x8 ./driver/gpio.o
 .group         0x0000000000000000        0x8 ./driver/gpio.o
 .group         0x0000000000000000        0x8 ./driver/gpio.o
 .group         0x0000000000000000        0x8 ./driver/gpio.o
 .group         0x0000000000000000        0x8 ./driver/gpio.o
 .group         0x0000000000000000        0x8 ./driver/gpio.o
 .group         0x0000000000000000        0x8 ./driver/gpio.o
 .group         0x0000000000000000        0x8 ./driver/gpio.o
 .group         0x0000000000000000        0x8 ./driver/gpio.o
 .text          0x0000000000000000        0x0 ./driver/gpio.o
 .data          0x0000000000000000        0x0 ./driver/gpio.o
 .bss           0x0000000000000000        0x0 ./driver/gpio.o
 .text.GPIOSetInterrupt
                0x0000000000000000      0x1d0 ./driver/gpio.o
 .text.GPIOIntEnable
                0x0000000000000000       0x70 ./driver/gpio.o
 .text.GPIOIntDisable
                0x0000000000000000       0x68 ./driver/gpio.o
 .text.GPIOIntStatus
                0x0000000000000000       0x70 ./driver/gpio.o
 .text.GPIOIntClear
                0x0000000000000000       0x70 ./driver/gpio.o
 .debug_macro   0x0000000000000000      0x81a ./driver/gpio.o
 .debug_macro   0x0000000000000000       0x1c ./driver/gpio.o
 .debug_macro   0x0000000000000000       0x22 ./driver/gpio.o
 .debug_macro   0x0000000000000000       0x10 ./driver/gpio.o
 .debug_macro   0x0000000000000000      0x122 ./driver/gpio.o
 .debug_macro   0x0000000000000000      0x5b9 ./driver/gpio.o
 .debug_macro   0x0000000000000000      0x37a ./driver/gpio.o
 .debug_macro   0x0000000000000000       0x8d ./driver/gpio.o
 .debug_macro   0x0000000000000000      0x123 ./driver/gpio.o
 .debug_macro   0x0000000000000000       0x22 ./driver/gpio.o
 .debug_macro   0x0000000000000000       0x22 ./driver/gpio.o
 .group         0x0000000000000000        0x8 ./driver/i2c.o
 .group         0x0000000000000000        0x8 ./driver/i2c.o
 .group         0x0000000000000000        0x8 ./driver/i2c.o
 .group         0x0000000000000000        0x8 ./driver/i2c.o
 .group         0x0000000000000000        0x8 ./driver/i2c.o
 .group         0x0000000000000000        0x8 ./driver/i2c.o
 .group         0x0000000000000000        0x8 ./driver/i2c.o
 .group         0x0000000000000000        0x8 ./driver/i2c.o
 .group         0x0000000000000000        0x8 ./driver/i2c.o
 .group         0x0000000000000000        0x8 ./driver/i2c.o
 .text          0x0000000000000000        0x0 ./driver/i2c.o
 .data          0x0000000000000000        0x0 ./driver/i2c.o
 .bss           0x0000000000000000        0x0 ./driver/i2c.o
 .debug_info    0x0000000000000000       0x6f ./driver/i2c.o
 .debug_abbrev  0x0000000000000000       0x29 ./driver/i2c.o
 .debug_aranges
                0x0000000000000000       0x18 ./driver/i2c.o
 .debug_macro   0x0000000000000000       0x70 ./driver/i2c.o
 .debug_macro   0x0000000000000000      0x81a ./driver/i2c.o
 .debug_macro   0x0000000000000000       0x1c ./driver/i2c.o
 .debug_macro   0x0000000000000000       0x22 ./driver/i2c.o
 .debug_macro   0x0000000000000000       0x10 ./driver/i2c.o
 .debug_macro   0x0000000000000000      0x122 ./driver/i2c.o
 .debug_macro   0x0000000000000000      0x5b9 ./driver/i2c.o
 .debug_macro   0x0000000000000000      0x37a ./driver/i2c.o
 .debug_macro   0x0000000000000000       0x8d ./driver/i2c.o
 .debug_macro   0x0000000000000000      0x123 ./driver/i2c.o
 .debug_macro   0x0000000000000000       0x22 ./driver/i2c.o
 .debug_line    0x0000000000000000      0x151 ./driver/i2c.o
 .debug_str     0x0000000000000000     0x593c ./driver/i2c.o
 .comment       0x0000000000000000       0x71 ./driver/i2c.o
 .ARM.attributes
                0x0000000000000000       0x31 ./driver/i2c.o
 .group         0x0000000000000000        0x8 ./driver/i2cslave.o
 .group         0x0000000000000000        0x8 ./driver/i2cslave.o
 .group         0x0000000000000000        0x8 ./driver/i2cslave.o
 .group         0x0000000000000000        0x8 ./driver/i2cslave.o
 .group         0x0000000000000000        0x8 ./driver/i2cslave.o
 .group         0x0000000000000000        0x8 ./driver/i2cslave.o
 .group         0x0000000000000000        0x8 ./driver/i2cslave.o
 .group         0x0000000000000000        0x8 ./driver/i2cslave.o
 .group         0x0000000000000000        0x8 ./driver/i2cslave.o
 .group         0x0000000000000000        0x8 ./driver/i2cslave.o
 .text          0x0000000000000000        0x0 ./driver/i2cslave.o
 .data          0x0000000000000000        0x0 ./driver/i2cslave.o
 .bss           0x0000000000000000        0x0 ./driver/i2cslave.o
 .debug_info    0x0000000000000000       0x6f ./driver/i2cslave.o
 .debug_abbrev  0x0000000000000000       0x29 ./driver/i2cslave.o
 .debug_aranges
                0x0000000000000000       0x18 ./driver/i2cslave.o
 .debug_macro   0x0000000000000000       0x70 ./driver/i2cslave.o
 .debug_macro   0x0000000000000000      0x81a ./driver/i2cslave.o
 .debug_macro   0x0000000000000000       0x1c ./driver/i2cslave.o
 .debug_macro   0x0000000000000000       0x22 ./driver/i2cslave.o
 .debug_macro   0x0000000000000000       0x10 ./driver/i2cslave.o
 .debug_macro   0x0000000000000000      0x122 ./driver/i2cslave.o
 .debug_macro   0x0000000000000000      0x5b9 ./driver/i2cslave.o
 .debug_macro   0x0000000000000000      0x37a ./driver/i2cslave.o
 .debug_macro   0x0000000000000000       0x8d ./driver/i2cslave.o
 .debug_macro   0x0000000000000000      0x123 ./driver/i2cslave.o
 .debug_macro   0x0000000000000000       0x22 ./driver/i2cslave.o
 .debug_line    0x0000000000000000      0x156 ./driver/i2cslave.o
 .debug_str     0x0000000000000000     0x5941 ./driver/i2cslave.o
 .comment       0x0000000000000000       0x71 ./driver/i2cslave.o
 .ARM.attributes
                0x0000000000000000       0x31 ./driver/i2cslave.o
 .group         0x0000000000000000        0x8 ./driver/lpc_swu.o
 .group         0x0000000000000000        0x8 ./driver/lpc_swu.o
 .group         0x0000000000000000        0x8 ./driver/lpc_swu.o
 .group         0x0000000000000000        0x8 ./driver/lpc_swu.o
 .group         0x0000000000000000        0x8 ./driver/lpc_swu.o
 .group         0x0000000000000000        0x8 ./driver/lpc_swu.o
 .group         0x0000000000000000        0x8 ./driver/lpc_swu.o
 .group         0x0000000000000000        0x8 ./driver/lpc_swu.o
 .group         0x0000000000000000        0x8 ./driver/lpc_swu.o
 .group         0x0000000000000000        0x8 ./driver/lpc_swu.o
 .text          0x0000000000000000        0x0 ./driver/lpc_swu.o
 .data          0x0000000000000000        0x0 ./driver/lpc_swu.o
 .bss           0x0000000000000000        0x0 ./driver/lpc_swu.o
 .debug_info    0x0000000000000000       0x6f ./driver/lpc_swu.o
 .debug_abbrev  0x0000000000000000       0x29 ./driver/lpc_swu.o
 .debug_aranges
                0x0000000000000000       0x18 ./driver/lpc_swu.o
 .debug_macro   0x0000000000000000       0x70 ./driver/lpc_swu.o
 .debug_macro   0x0000000000000000      0x81a ./driver/lpc_swu.o
 .debug_macro   0x0000000000000000       0x1c ./driver/lpc_swu.o
 .debug_macro   0x0000000000000000       0x22 ./driver/lpc_swu.o
 .debug_macro   0x0000000000000000       0x10 ./driver/lpc_swu.o
 .debug_macro   0x0000000000000000      0x122 ./driver/lpc_swu.o
 .debug_macro   0x0000000000000000      0x5b9 ./driver/lpc_swu.o
 .debug_macro   0x0000000000000000      0x37a ./driver/lpc_swu.o
 .debug_macro   0x0000000000000000       0x8d ./driver/lpc_swu.o
 .debug_macro   0x0000000000000000      0x123 ./driver/lpc_swu.o
 .debug_macro   0x0000000000000000       0x22 ./driver/lpc_swu.o
 .debug_line    0x0000000000000000      0x155 ./driver/lpc_swu.o
 .debug_str     0x0000000000000000     0x5940 ./driver/lpc_swu.o
 .comment       0x0000000000000000       0x71 ./driver/lpc_swu.o
 .ARM.attributes
                0x0000000000000000       0x31 ./driver/lpc_swu.o
 .group         0x0000000000000000        0x8 ./driver/rs485.o
 .group         0x0000000000000000        0x8 ./driver/rs485.o
 .group         0x0000000000000000        0x8 ./driver/rs485.o
 .group         0x0000000000000000        0x8 ./driver/rs485.o
 .group         0x0000000000000000        0x8 ./driver/rs485.o
 .group         0x0000000000000000        0x8 ./driver/rs485.o
 .group         0x0000000000000000        0x8 ./driver/rs485.o
 .group         0x0000000000000000        0x8 ./driver/rs485.o
 .group         0x0000000000000000        0x8 ./driver/rs485.o
 .group         0x0000000000000000        0x8 ./driver/rs485.o
 .text          0x0000000000000000        0x0 ./driver/rs485.o
 .data          0x0000000000000000        0x0 ./driver/rs485.o
 .bss           0x0000000000000000        0x0 ./driver/rs485.o
 .debug_info    0x0000000000000000       0x6f ./driver/rs485.o
 .debug_abbrev  0x0000000000000000       0x29 ./driver/rs485.o
 .debug_aranges
                0x0000000000000000       0x18 ./driver/rs485.o
 .debug_macro   0x0000000000000000       0x70 ./driver/rs485.o
 .debug_macro   0x0000000000000000      0x81a ./driver/rs485.o
 .debug_macro   0x0000000000000000       0x1c ./driver/rs485.o
 .debug_macro   0x0000000000000000       0x22 ./driver/rs485.o
 .debug_macro   0x0000000000000000       0x10 ./driver/rs485.o
 .debug_macro   0x0000000000000000      0x122 ./driver/rs485.o
 .debug_macro   0x0000000000000000      0x5b9 ./driver/rs485.o
 .debug_macro   0x0000000000000000      0x37a ./driver/rs485.o
 .debug_macro   0x0000000000000000       0x8d ./driver/rs485.o
 .debug_macro   0x0000000000000000      0x123 ./driver/rs485.o
 .debug_macro   0x0000000000000000       0x22 ./driver/rs485.o
 .debug_line    0x0000000000000000      0x153 ./driver/rs485.o
 .debug_str     0x0000000000000000     0x593e ./driver/rs485.o
 .comment       0x0000000000000000       0x71 ./driver/rs485.o
 .ARM.attributes
                0x0000000000000000       0x31 ./driver/rs485.o
 .group         0x0000000000000000        0x8 ./driver/small_gpio.o
 .group         0x0000000000000000        0x8 ./driver/small_gpio.o
 .group         0x0000000000000000        0x8 ./driver/small_gpio.o
 .group         0x0000000000000000        0x8 ./driver/small_gpio.o
 .group         0x0000000000000000        0x8 ./driver/small_gpio.o
 .group         0x0000000000000000        0x8 ./driver/small_gpio.o
 .group         0x0000000000000000        0x8 ./driver/small_gpio.o
 .group         0x0000000000000000        0x8 ./driver/small_gpio.o
 .group         0x0000000000000000        0x8 ./driver/small_gpio.o
 .group         0x0000000000000000        0x8 ./driver/small_gpio.o
 .text          0x0000000000000000        0x0 ./driver/small_gpio.o
 .data          0x0000000000000000        0x0 ./driver/small_gpio.o
 .bss           0x0000000000000000        0x0 ./driver/small_gpio.o
 .debug_info    0x0000000000000000       0x6f ./driver/small_gpio.o
 .debug_abbrev  0x0000000000000000       0x29 ./driver/small_gpio.o
 .debug_aranges
                0x0000000000000000       0x18 ./driver/small_gpio.o
 .debug_macro   0x0000000000000000       0x70 ./driver/small_gpio.o
 .debug_macro   0x0000000000000000      0x81a ./driver/small_gpio.o
 .debug_macro   0x0000000000000000       0x1c ./driver/small_gpio.o
 .debug_macro   0x0000000000000000       0x22 ./driver/small_gpio.o
 .debug_macro   0x0000000000000000       0x10 ./driver/small_gpio.o
 .debug_macro   0x0000000000000000      0x122 ./driver/small_gpio.o
 .debug_macro   0x0000000000000000      0x5b9 ./driver/small_gpio.o
 .debug_macro   0x0000000000000000      0x37a ./driver/small_gpio.o
 .debug_macro   0x0000000000000000       0x8d ./driver/small_gpio.o
 .debug_macro   0x0000000000000000      0x123 ./driver/small_gpio.o
 .debug_macro   0x0000000000000000       0x22 ./driver/small_gpio.o
 .debug_line    0x0000000000000000      0x158 ./driver/small_gpio.o
 .debug_str     0x0000000000000000     0x5943 ./driver/small_gpio.o
 .comment       0x0000000000000000       0x71 ./driver/small_gpio.o
 .ARM.attributes
                0x0000000000000000       0x31 ./driver/small_gpio.o
 .group         0x0000000000000000        0x8 ./driver/ssp.o
 .group         0x0000000000000000        0x8 ./driver/ssp.o
 .group         0x0000000000000000        0x8 ./driver/ssp.o
 .group         0x0000000000000000        0x8 ./driver/ssp.o
 .group         0x0000000000000000        0x8 ./driver/ssp.o
 .group         0x0000000000000000        0x8 ./driver/ssp.o
 .group         0x0000000000000000        0x8 ./driver/ssp.o
 .group         0x0000000000000000        0x8 ./driver/ssp.o
 .group         0x0000000000000000        0x8 ./driver/ssp.o
 .group         0x0000000000000000        0x8 ./driver/ssp.o
 .text          0x0000000000000000        0x0 ./driver/ssp.o
 .data          0x0000000000000000        0x0 ./driver/ssp.o
 .bss           0x0000000000000000        0x0 ./driver/ssp.o
 .debug_info    0x0000000000000000       0x6f ./driver/ssp.o
 .debug_abbrev  0x0000000000000000       0x29 ./driver/ssp.o
 .debug_aranges
                0x0000000000000000       0x18 ./driver/ssp.o
 .debug_macro   0x0000000000000000       0x70 ./driver/ssp.o
 .debug_macro   0x0000000000000000      0x81a ./driver/ssp.o
 .debug_macro   0x0000000000000000       0x1c ./driver/ssp.o
 .debug_macro   0x0000000000000000       0x22 ./driver/ssp.o
 .debug_macro   0x0000000000000000       0x10 ./driver/ssp.o
 .debug_macro   0x0000000000000000      0x122 ./driver/ssp.o
 .debug_macro   0x0000000000000000      0x5b9 ./driver/ssp.o
 .debug_macro   0x0000000000000000      0x37a ./driver/ssp.o
 .debug_macro   0x0000000000000000       0x8d ./driver/ssp.o
 .debug_macro   0x0000000000000000      0x123 ./driver/ssp.o
 .debug_macro   0x0000000000000000       0x22 ./driver/ssp.o
 .debug_line    0x0000000000000000      0x151 ./driver/ssp.o
 .debug_str     0x0000000000000000     0x593c ./driver/ssp.o
 .comment       0x0000000000000000       0x71 ./driver/ssp.o
 .ARM.attributes
                0x0000000000000000       0x31 ./driver/ssp.o
 .group         0x0000000000000000        0x8 ./driver/timer16.o
 .group         0x0000000000000000        0x8 ./driver/timer16.o
 .group         0x0000000000000000        0x8 ./driver/timer16.o
 .group         0x0000000000000000        0x8 ./driver/timer16.o
 .group         0x0000000000000000        0x8 ./driver/timer16.o
 .group         0x0000000000000000        0x8 ./driver/timer16.o
 .group         0x0000000000000000        0x8 ./driver/timer16.o
 .group         0x0000000000000000        0x8 ./driver/timer16.o
 .group         0x0000000000000000        0x8 ./driver/timer16.o
 .group         0x0000000000000000        0x8 ./driver/timer16.o
 .text          0x0000000000000000        0x0 ./driver/timer16.o
 .data          0x0000000000000000        0x0 ./driver/timer16.o
 .bss           0x0000000000000000        0x0 ./driver/timer16.o
 .debug_info    0x0000000000000000       0x6f ./driver/timer16.o
 .debug_abbrev  0x0000000000000000       0x29 ./driver/timer16.o
 .debug_aranges
                0x0000000000000000       0x18 ./driver/timer16.o
 .debug_macro   0x0000000000000000       0x7a ./driver/timer16.o
 .debug_macro   0x0000000000000000      0x81a ./driver/timer16.o
 .debug_macro   0x0000000000000000       0x1c ./driver/timer16.o
 .debug_macro   0x0000000000000000       0x22 ./driver/timer16.o
 .debug_macro   0x0000000000000000       0x10 ./driver/timer16.o
 .debug_macro   0x0000000000000000      0x122 ./driver/timer16.o
 .debug_macro   0x0000000000000000      0x5b9 ./driver/timer16.o
 .debug_macro   0x0000000000000000      0x37a ./driver/timer16.o
 .debug_macro   0x0000000000000000       0x8d ./driver/timer16.o
 .debug_macro   0x0000000000000000      0x123 ./driver/timer16.o
 .debug_macro   0x0000000000000000       0x22 ./driver/timer16.o
 .debug_line    0x0000000000000000      0x162 ./driver/timer16.o
 .debug_str     0x0000000000000000     0x594d ./driver/timer16.o
 .comment       0x0000000000000000       0x71 ./driver/timer16.o
 .ARM.attributes
                0x0000000000000000       0x31 ./driver/timer16.o
 .group         0x0000000000000000        0x8 ./driver/timer32.o
 .group         0x0000000000000000        0x8 ./driver/timer32.o
 .group         0x0000000000000000        0x8 ./driver/timer32.o
 .group         0x0000000000000000        0x8 ./driver/timer32.o
 .group         0x0000000000000000        0x8 ./driver/timer32.o
 .group         0x0000000000000000        0x8 ./driver/timer32.o
 .group         0x0000000000000000        0x8 ./driver/timer32.o
 .group         0x0000000000000000        0x8 ./driver/timer32.o
 .group         0x0000000000000000        0x8 ./driver/timer32.o
 .group         0x0000000000000000        0x8 ./driver/timer32.o
 .group         0x0000000000000000        0x8 ./driver/timer32.o
 .text          0x0000000000000000        0x0 ./driver/timer32.o
 .data          0x0000000000000000        0x0 ./driver/timer32.o
 .bss           0x0000000000000000        0x0 ./driver/timer32.o
 .text.delay32Ms
                0x0000000000000000       0x90 ./driver/timer32.o
 .text.disable_timer32
                0x0000000000000000       0x1c ./driver/timer32.o
 .text.reset_timer32
                0x0000000000000000       0x24 ./driver/timer32.o
 .text.init_timer32PWM
                0x0000000000000000      0x14c ./driver/timer32.o
 .text.setMatch_timer32PWM
                0x0000000000000000       0x60 ./driver/timer32.o
 .bss.timer32_1_period
                0x0000000000000000        0x4 ./driver/timer32.o
 .bss.timer32_0_period
                0x0000000000000000        0x4 ./driver/timer32.o
 .debug_macro   0x0000000000000000      0x81a ./driver/timer32.o
 .debug_macro   0x0000000000000000       0x1c ./driver/timer32.o
 .debug_macro   0x0000000000000000       0x22 ./driver/timer32.o
 .debug_macro   0x0000000000000000       0x10 ./driver/timer32.o
 .debug_macro   0x0000000000000000      0x122 ./driver/timer32.o
 .debug_macro   0x0000000000000000      0x5b9 ./driver/timer32.o
 .debug_macro   0x0000000000000000      0x37a ./driver/timer32.o
 .debug_macro   0x0000000000000000       0x8d ./driver/timer32.o
 .debug_macro   0x0000000000000000      0x123 ./driver/timer32.o
 .debug_macro   0x0000000000000000       0x22 ./driver/timer32.o
 .debug_macro   0x0000000000000000       0x46 ./driver/timer32.o
 .group         0x0000000000000000        0x8 ./driver/uart.o
 .group         0x0000000000000000        0x8 ./driver/uart.o
 .group         0x0000000000000000        0x8 ./driver/uart.o
 .group         0x0000000000000000        0x8 ./driver/uart.o
 .group         0x0000000000000000        0x8 ./driver/uart.o
 .group         0x0000000000000000        0x8 ./driver/uart.o
 .group         0x0000000000000000        0x8 ./driver/uart.o
 .group         0x0000000000000000        0x8 ./driver/uart.o
 .group         0x0000000000000000        0x8 ./driver/uart.o
 .group         0x0000000000000000        0x8 ./driver/uart.o
 .text          0x0000000000000000        0x0 ./driver/uart.o
 .data          0x0000000000000000        0x0 ./driver/uart.o
 .bss           0x0000000000000000        0x0 ./driver/uart.o
 .debug_info    0x0000000000000000       0x6f ./driver/uart.o
 .debug_abbrev  0x0000000000000000       0x29 ./driver/uart.o
 .debug_aranges
                0x0000000000000000       0x18 ./driver/uart.o
 .debug_macro   0x0000000000000000       0x70 ./driver/uart.o
 .debug_macro   0x0000000000000000      0x81a ./driver/uart.o
 .debug_macro   0x0000000000000000       0x1c ./driver/uart.o
 .debug_macro   0x0000000000000000       0x22 ./driver/uart.o
 .debug_macro   0x0000000000000000       0x10 ./driver/uart.o
 .debug_macro   0x0000000000000000      0x122 ./driver/uart.o
 .debug_macro   0x0000000000000000      0x5b9 ./driver/uart.o
 .debug_macro   0x0000000000000000      0x37a ./driver/uart.o
 .debug_macro   0x0000000000000000       0x8d ./driver/uart.o
 .debug_macro   0x0000000000000000      0x123 ./driver/uart.o
 .debug_macro   0x0000000000000000       0x22 ./driver/uart.o
 .debug_line    0x0000000000000000      0x152 ./driver/uart.o
 .debug_str     0x0000000000000000     0x593d ./driver/uart.o
 .comment       0x0000000000000000       0x71 ./driver/uart.o
 .ARM.attributes
                0x0000000000000000       0x31 ./driver/uart.o
 .group         0x0000000000000000        0x8 ./driver/wdt.o
 .group         0x0000000000000000        0x8 ./driver/wdt.o
 .group         0x0000000000000000        0x8 ./driver/wdt.o
 .group         0x0000000000000000        0x8 ./driver/wdt.o
 .group         0x0000000000000000        0x8 ./driver/wdt.o
 .group         0x0000000000000000        0x8 ./driver/wdt.o
 .group         0x0000000000000000        0x8 ./driver/wdt.o
 .group         0x0000000000000000        0x8 ./driver/wdt.o
 .group         0x0000000000000000        0x8 ./driver/wdt.o
 .group         0x0000000000000000        0x8 ./driver/wdt.o
 .text          0x0000000000000000        0x0 ./driver/wdt.o
 .data          0x0000000000000000        0x0 ./driver/wdt.o
 .bss           0x0000000000000000        0x0 ./driver/wdt.o
 .debug_info    0x0000000000000000       0x6f ./driver/wdt.o
 .debug_abbrev  0x0000000000000000       0x29 ./driver/wdt.o
 .debug_aranges
                0x0000000000000000       0x18 ./driver/wdt.o
 .debug_macro   0x0000000000000000       0x7a ./driver/wdt.o
 .debug_macro   0x0000000000000000      0x81a ./driver/wdt.o
 .debug_macro   0x0000000000000000       0x1c ./driver/wdt.o
 .debug_macro   0x0000000000000000       0x22 ./driver/wdt.o
 .debug_macro   0x0000000000000000       0x10 ./driver/wdt.o
 .debug_macro   0x0000000000000000      0x122 ./driver/wdt.o
 .debug_macro   0x0000000000000000      0x5b9 ./driver/wdt.o
 .debug_macro   0x0000000000000000      0x37a ./driver/wdt.o
 .debug_macro   0x0000000000000000       0x8d ./driver/wdt.o
 .debug_macro   0x0000000000000000      0x123 ./driver/wdt.o
 .debug_macro   0x0000000000000000       0x22 ./driver/wdt.o
 .debug_line    0x0000000000000000      0x15a ./driver/wdt.o
 .debug_str     0x0000000000000000     0x5945 ./driver/wdt.o
 .comment       0x0000000000000000       0x71 ./driver/wdt.o
 .ARM.attributes
                0x0000000000000000       0x31 ./driver/wdt.o
 .group         0x0000000000000000        0x8 ./cmsis/core_cm0.o
 .group         0x0000000000000000        0x8 ./cmsis/core_cm0.o
 .group         0x0000000000000000        0x8 ./cmsis/core_cm0.o
 .group         0x0000000000000000        0x8 ./cmsis/core_cm0.o
 .text          0x0000000000000000        0x0 ./cmsis/core_cm0.o
 .data          0x0000000000000000        0x0 ./cmsis/core_cm0.o
 .bss           0x0000000000000000        0x0 ./cmsis/core_cm0.o
 .text.__get_PSP
                0x0000000000000000        0x8 ./cmsis/core_cm0.o
 .text.__set_PSP
                0x0000000000000000        0x6 ./cmsis/core_cm0.o
 .text.__get_MSP
                0x0000000000000000        0x8 ./cmsis/core_cm0.o
 .text.__set_MSP
                0x0000000000000000        0x6 ./cmsis/core_cm0.o
 .text.__get_PRIMASK
                0x0000000000000000        0x6 ./cmsis/core_cm0.o
 .text.__set_PRIMASK
                0x0000000000000000        0x6 ./cmsis/core_cm0.o
 .text.__get_CONTROL
                0x0000000000000000        0x6 ./cmsis/core_cm0.o
 .text.__set_CONTROL
                0x0000000000000000        0x6 ./cmsis/core_cm0.o
 .text.__REV    0x0000000000000000        0x4 ./cmsis/core_cm0.o
 .text.__REV16  0x0000000000000000        0x4 ./cmsis/core_cm0.o
 .text.__REVSH  0x0000000000000000        0x4 ./cmsis/core_cm0.o
 .debug_info    0x0000000000000000      0x289 ./cmsis/core_cm0.o
 .debug_abbrev  0x0000000000000000       0xb7 ./cmsis/core_cm0.o
 .debug_loc     0x0000000000000000      0x13c ./cmsis/core_cm0.o
 .debug_aranges
                0x0000000000000000       0x70 ./cmsis/core_cm0.o
 .debug_ranges  0x0000000000000000       0x60 ./cmsis/core_cm0.o
 .debug_macro   0x0000000000000000       0x48 ./cmsis/core_cm0.o
 .debug_macro   0x0000000000000000      0x820 ./cmsis/core_cm0.o
 .debug_macro   0x0000000000000000       0x10 ./cmsis/core_cm0.o
 .debug_macro   0x0000000000000000      0x122 ./cmsis/core_cm0.o
 .debug_macro   0x0000000000000000      0x5b9 ./cmsis/core_cm0.o
 .debug_line    0x0000000000000000      0x1ce ./cmsis/core_cm0.o
 .debug_str     0x0000000000000000     0x3afc ./cmsis/core_cm0.o
 .comment       0x0000000000000000       0x71 ./cmsis/core_cm0.o
 .ARM.attributes
                0x0000000000000000       0x31 ./cmsis/core_cm0.o
 .debug_frame   0x0000000000000000       0xc0 ./cmsis/core_cm0.o
 .group         0x0000000000000000        0x8 ./cmsis/system_LPC11xx.o
 .group         0x0000000000000000        0x8 ./cmsis/system_LPC11xx.o
 .group         0x0000000000000000        0x8 ./cmsis/system_LPC11xx.o
 .group         0x0000000000000000        0x8 ./cmsis/system_LPC11xx.o
 .group         0x0000000000000000        0x8 ./cmsis/system_LPC11xx.o
 .group         0x0000000000000000        0x8 ./cmsis/system_LPC11xx.o
 .group         0x0000000000000000        0x8 ./cmsis/system_LPC11xx.o
 .group         0x0000000000000000        0x8 ./cmsis/system_LPC11xx.o
 .text          0x0000000000000000        0x0 ./cmsis/system_LPC11xx.o
 .data          0x0000000000000000        0x0 ./cmsis/system_LPC11xx.o
 .bss           0x0000000000000000        0x0 ./cmsis/system_LPC11xx.o
 .debug_macro   0x0000000000000000      0x820 ./cmsis/system_LPC11xx.o
 .debug_macro   0x0000000000000000       0x10 ./cmsis/system_LPC11xx.o
 .debug_macro   0x0000000000000000      0x122 ./cmsis/system_LPC11xx.o
 .debug_macro   0x0000000000000000      0x5b9 ./cmsis/system_LPC11xx.o
 .debug_macro   0x0000000000000000       0x1c ./cmsis/system_LPC11xx.o
 .debug_macro   0x0000000000000000       0x8d ./cmsis/system_LPC11xx.o
 .debug_macro   0x0000000000000000      0x123 ./cmsis/system_LPC11xx.o
 .text          0x0000000000000000        0x0 /Applications/lpcxpresso_7.1.1_125/lpcxpresso/tools/bin/../lib/gcc/arm-none-eabi/4.8.3/../../../../arm-none-eabi/lib/armv6-m/libcr_c.a(__weak__main.o)
 .data          0x0000000000000000        0x0 /Applications/lpcxpresso_7.1.1_125/lpcxpresso/tools/bin/../lib/gcc/arm-none-eabi/4.8.3/../../../../arm-none-eabi/lib/armv6-m/libcr_c.a(__weak__main.o)
 .bss           0x0000000000000000        0x0 /Applications/lpcxpresso_7.1.1_125/lpcxpresso/tools/bin/../lib/gcc/arm-none-eabi/4.8.3/../../../../arm-none-eabi/lib/armv6-m/libcr_c.a(__weak__main.o)
 .text          0x0000000000000000        0x0 /Applications/lpcxpresso_7.1.1_125/lpcxpresso/tools/bin/../lib/gcc/arm-none-eabi/4.8.3/armv6-m/libcr_eabihelpers.a(division_32.o)
 .data          0x0000000000000000        0x0 /Applications/lpcxpresso_7.1.1_125/lpcxpresso/tools/bin/../lib/gcc/arm-none-eabi/4.8.3/armv6-m/libcr_eabihelpers.a(division_32.o)
 .bss           0x0000000000000000        0x0 /Applications/lpcxpresso_7.1.1_125/lpcxpresso/tools/bin/../lib/gcc/arm-none-eabi/4.8.3/armv6-m/libcr_eabihelpers.a(division_32.o)
 .text          0x0000000000000000        0x0 /Applications/lpcxpresso_7.1.1_125/lpcxpresso/tools/bin/../lib/gcc/arm-none-eabi/4.8.3/armv6-m/libcr_eabihelpers.a(division_idiv0.o)
 .data          0x0000000000000000        0x0 /Applications/lpcxpresso_7.1.1_125/lpcxpresso/tools/bin/../lib/gcc/arm-none-eabi/4.8.3/armv6-m/libcr_eabihelpers.a(division_idiv0.o)
 .bss           0x0000000000000000        0x0 /Applications/lpcxpresso_7.1.1_125/lpcxpresso/tools/bin/../lib/gcc/arm-none-eabi/4.8.3/armv6-m/libcr_eabihelpers.a(division_idiv0.o)

Memory Configuration

Name             Origin             Length             Attributes
MFlash32         0x0000000000000000 0x0000000000008000 xr
RamLoc8          0x0000000010000000 0x0000000000002000 xrw
*default*        0x0000000000000000 0xffffffffffffffff

Linker script and memory map

LOAD ./startup/cr_startup_lpc11.o
LOAD ./src/blinky_main.o
LOAD ./driver/adc.o
LOAD ./driver/can.o
LOAD ./driver/clkconfig.o
LOAD ./driver/crp.o
LOAD ./driver/debug_printf.o
LOAD ./driver/gpio.o
LOAD ./driver/i2c.o
LOAD ./driver/i2cslave.o
LOAD ./driver/lpc_swu.o
LOAD ./driver/rs485.o
LOAD ./driver/small_gpio.o
LOAD ./driver/ssp.o
LOAD ./driver/timer16.o
LOAD ./driver/timer32.o
LOAD ./driver/uart.o
LOAD ./driver/wdt.o
LOAD ./cmsis/core_cm0.o
LOAD ./cmsis/system_LPC11xx.o
START GROUP
LOAD /Applications/lpcxpresso_7.1.1_125/lpcxpresso/tools/bin/../lib/gcc/arm-none-eabi/4.8.3/../../../../arm-none-eabi/lib/armv6-m/libcr_c.a
LOAD /Applications/lpcxpresso_7.1.1_125/lpcxpresso/tools/bin/../lib/gcc/arm-none-eabi/4.8.3/../../../../arm-none-eabi/lib/armv6-m/libcr_semihost.a
LOAD /Applications/lpcxpresso_7.1.1_125/lpcxpresso/tools/bin/../lib/gcc/arm-none-eabi/4.8.3/armv6-m/libcr_eabihelpers.a
END GROUP
                0x0000000000008000                __top_MFlash32 = 0x8000
                0x0000000010002000                __top_RamLoc8 = 0x10002000

.text           0x0000000000000000      0x780
 FILL mask 0xff
 *(.isr_vector)
 .isr_vector    0x0000000000000000       0xc0 ./startup/cr_startup_lpc11.o
                0x0000000000000000                g_pfnVectors
 *(.text.Reset_Handler .text.SystemInit)
 .text.SystemInit
                0x00000000000000c0       0xac ./cmsis/system_LPC11xx.o
                0x00000000000000c0                SystemInit
                0x00000000000002fc                . = 0x2fc
 *fill*         0x000000000000016c      0x190 ff
 *(.crp)
 .crp           0x00000000000002fc        0x4 ./driver/crp.o
                0x00000000000002fc                CRP_WORD
 *(.text*)
 .text.NMI_Handler
                0x0000000000000300        0x4 ./startup/cr_startup_lpc11.o
                0x0000000000000300                NMI_Handler
 .text.HardFault_Handler
                0x0000000000000304        0x4 ./startup/cr_startup_lpc11.o
                0x0000000000000304                HardFault_Handler
 .text.SVCall_Handler
                0x0000000000000308        0x4 ./startup/cr_startup_lpc11.o
                0x0000000000000308                SVCall_Handler
 .text.PendSV_Handler
                0x000000000000030c        0x4 ./startup/cr_startup_lpc11.o
                0x000000000000030c                PendSV_Handler
 .text.SysTick_Handler
                0x0000000000000310        0x4 ./startup/cr_startup_lpc11.o
                0x0000000000000310                SysTick_Handler
 .text.IntDefaultHandler
                0x0000000000000314        0x4 ./startup/cr_startup_lpc11.o
                0x0000000000000314                PIOINT3_IRQHandler
                0x0000000000000314                UART_IRQHandler
                0x0000000000000314                TIMER32_1_IRQHandler
                0x0000000000000314                IntDefaultHandler
                0x0000000000000314                PIOINT1_IRQHandler
                0x0000000000000314                CAN_IRQHandler
                0x0000000000000314                SSP0_IRQHandler
                0x0000000000000314                TIMER16_1_IRQHandler
                0x0000000000000314                ADC_IRQHandler
                0x0000000000000314                SSP1_IRQHandler
                0x0000000000000314                PIOINT2_IRQHandler
                0x0000000000000314                BOD_IRQHandler
                0x0000000000000314                WAKEUP_IRQHandler
                0x0000000000000314                PIOINT0_IRQHandler
                0x0000000000000314                I2C_IRQHandler
                0x0000000000000314                WDT_IRQHandler
                0x0000000000000314                TIMER16_0_IRQHandler
 .text.ResetISR
                0x0000000000000318       0x44 ./startup/cr_startup_lpc11.o
                0x0000000000000318                ResetISR
 .text.SetSegment
                0x000000000000035c       0x6c ./src/blinky_main.o
                0x000000000000035c                SetSegment
 .text.Init7Segment
                0x00000000000003c8       0x34 ./src/blinky_main.o
                0x00000000000003c8                Init7Segment
 .text.main     0x00000000000003fc       0x7c ./src/blinky_main.o
                0x00000000000003fc                main
 .text.GPIOInit
                0x0000000000000478       0x14 ./driver/gpio.o
                0x0000000000000478                GPIOInit
 .text.GPIOSetValue
                0x000000000000048c       0x14 ./driver/gpio.o
                0x000000000000048c                GPIOSetValue
 .text.GPIOSetDir
                0x00000000000004a0       0x38 ./driver/gpio.o
                0x00000000000004a0                GPIOSetDir
 .text.TIMER32_0_IRQHandler
                0x00000000000004d8       0x3c ./driver/timer32.o
                0x00000000000004d8                TIMER32_0_IRQHandler
 .text.enable_timer32
                0x0000000000000514       0x1c ./driver/timer32.o
                0x0000000000000514                enable_timer32
 .text.init_timer32
                0x0000000000000530       0xc0 ./driver/timer32.o
                0x0000000000000530                init_timer32
 .text.SystemCoreClockUpdate
                0x00000000000005f0       0xb0 ./cmsis/system_LPC11xx.o
                0x00000000000005f0                SystemCoreClockUpdate
 .text.__weak_main
                0x00000000000006a0        0x8 /Applications/lpcxpresso_7.1.1_125/lpcxpresso/tools/bin/../lib/gcc/arm-none-eabi/4.8.3/../../../../arm-none-eabi/lib/armv6-m/libcr_c.a(__weak__main.o)
                0x00000000000006a0                __main
                0x00000000000006a0                __weak_main
 .text.__aeabi_division_idivmod
                0x00000000000006a8       0x78 /Applications/lpcxpresso_7.1.1_125/lpcxpresso/tools/bin/../lib/gcc/arm-none-eabi/4.8.3/armv6-m/libcr_eabihelpers.a(division_32.o)
                0x00000000000006a8                __aeabi_idiv
                0x00000000000006a8                __aeabi_idivmod
                0x00000000000006ae                __aeabi_uidiv
                0x00000000000006ae                __aeabi_uidivmod
 .text.__aeabi_division_idiv0
                0x0000000000000720        0x2 /Applications/lpcxpresso_7.1.1_125/lpcxpresso/tools/bin/../lib/gcc/arm-none-eabi/4.8.3/armv6-m/libcr_eabihelpers.a(division_idiv0.o)
                0x0000000000000720                __aeabi_idiv0
 *(.rodata*)
 *fill*         0x0000000000000722        0x2 
 .rodata.segmentlut
                0x0000000000000724        0xc ./src/blinky_main.o
 .rodata.LPC_GPIO
                0x0000000000000730       0x10 ./driver/gpio.o
 .rodata.CSWTCH.8
                0x0000000000000740       0x40 ./cmsis/system_LPC11xx.o

.glue_7         0x0000000000000780        0x0
 .glue_7        0x0000000000000000        0x0 linker stubs

.glue_7t        0x0000000000000780        0x0
 .glue_7t       0x0000000000000000        0x0 linker stubs

.vfp11_veneer   0x0000000000000780        0x0
 .vfp11_veneer  0x0000000000000000        0x0 linker stubs

.v4_bx          0x0000000000000780        0x0
 .v4_bx         0x0000000000000000        0x0 linker stubs

.iplt           0x0000000000000780        0x0
 .iplt          0x0000000000000000        0x0 ./startup/cr_startup_lpc11.o

.rel.dyn        0x0000000000000780        0x0
 .rel.iplt      0x0000000000000000        0x0 ./startup/cr_startup_lpc11.o

.ARM.extab
 *(.ARM.extab* .gnu.linkonce.armextab.*)
                0x0000000000000780                __exidx_start = .

.ARM.exidx
 *(.ARM.exidx* .gnu.linkonce.armexidx.*)
                0x0000000000000780                __exidx_end = .
                0x0000000000000780                _etext = .

.data           0x0000000010000000        0x4 load address 0x0000000000000780
                0x0000000010000000                _data = .
 *(vtable)
 *(.data*)
 .data.SystemCoreClock
                0x0000000010000000        0x4 ./cmsis/system_LPC11xx.o
                0x0000000010000000                SystemCoreClock
                0x0000000010000004                _edata = .

.igot.plt       0x0000000010000004        0x0 load address 0x0000000000000784
 .igot.plt      0x0000000000000000        0x0 ./startup/cr_startup_lpc11.o

.bss            0x0000000010000004        0x8 load address 0x0000000000000784
                0x0000000010000004                _bss = .
 *(.bss*)
 .bss.timer32_0_counter
                0x0000000010000004        0x4 ./driver/timer32.o
                0x0000000010000004                timer32_0_counter
 .bss.timer32_0_capture
                0x0000000010000008        0x4 ./driver/timer32.o
                0x0000000010000008                timer32_0_capture
 *(COMMON)
                0x000000001000000c                _ebss = .

.cr_heap        0x000000001000000c        0x0 load address 0x0000000000000784
                0x000000001000000c                end = .
                0x000000001000000c                _pvHeapStart = .
                0x0000000010002000                _vRamTop = __top_RamLoc8
                0x0000000010002000                _vStackTop = _vRamTop
OUTPUT(blinky.axf elf32-littlearm)

.debug_info     0x0000000000000000     0x1e71
 .debug_info    0x0000000000000000      0x1a8 ./startup/cr_startup_lpc11.o
 .debug_info    0x00000000000001a8      0x4b6 ./src/blinky_main.o
 .debug_info    0x000000000000065e       0x90 ./driver/crp.o
 .debug_info    0x00000000000006ee      0x747 ./driver/gpio.o
 .debug_info    0x0000000000000e35      0xb5a ./driver/timer32.o
 .debug_info    0x000000000000198f      0x4e2 ./cmsis/system_LPC11xx.o

.debug_abbrev   0x0000000000000000      0x81d
 .debug_abbrev  0x0000000000000000       0xd5 ./startup/cr_startup_lpc11.o
 .debug_abbrev  0x00000000000000d5      0x1d4 ./src/blinky_main.o
 .debug_abbrev  0x00000000000002a9       0x4e ./driver/crp.o
 .debug_abbrev  0x00000000000002f7      0x1ca ./driver/gpio.o
 .debug_abbrev  0x00000000000004c1      0x211 ./driver/timer32.o
 .debug_abbrev  0x00000000000006d2      0x14b ./cmsis/system_LPC11xx.o

.debug_loc      0x0000000000000000      0xae4
 .debug_loc     0x0000000000000000       0x4b ./startup/cr_startup_lpc11.o
 .debug_loc     0x000000000000004b       0xbe ./src/blinky_main.o
 .debug_loc     0x0000000000000109      0x7dd ./driver/gpio.o
 .debug_loc     0x00000000000008e6      0x17a ./driver/timer32.o
 .debug_loc     0x0000000000000a60       0x84 ./cmsis/system_LPC11xx.o

.debug_aranges  0x0000000000000000      0x170
 .debug_aranges
                0x0000000000000000       0x50 ./startup/cr_startup_lpc11.o
 .debug_aranges
                0x0000000000000050       0x30 ./src/blinky_main.o
 .debug_aranges
                0x0000000000000080       0x18 ./driver/crp.o
 .debug_aranges
                0x0000000000000098       0x58 ./driver/gpio.o
 .debug_aranges
                0x00000000000000f0       0x58 ./driver/timer32.o
 .debug_aranges
                0x0000000000000148       0x28 ./cmsis/system_LPC11xx.o

.debug_ranges   0x0000000000000000      0x108
 .debug_ranges  0x0000000000000000       0x40 ./startup/cr_startup_lpc11.o
 .debug_ranges  0x0000000000000040       0x20 ./src/blinky_main.o
 .debug_ranges  0x0000000000000060       0x48 ./driver/gpio.o
 .debug_ranges  0x00000000000000a8       0x48 ./driver/timer32.o
 .debug_ranges  0x00000000000000f0       0x18 ./cmsis/system_LPC11xx.o

.debug_macro    0x0000000000000000     0x1c99
 .debug_macro   0x0000000000000000       0x57 ./startup/cr_startup_lpc11.o
 .debug_macro   0x0000000000000057      0x81a ./startup/cr_startup_lpc11.o
 .debug_macro   0x0000000000000871       0x10 ./startup/cr_startup_lpc11.o
 .debug_macro   0x0000000000000881      0x122 ./startup/cr_startup_lpc11.o
 .debug_macro   0x00000000000009a3      0x5b9 ./startup/cr_startup_lpc11.o
 .debug_macro   0x0000000000000f5c       0x87 ./startup/cr_startup_lpc11.o
 .debug_macro   0x0000000000000fe3       0x8b ./src/blinky_main.o
 .debug_macro   0x000000000000106e       0x1c ./src/blinky_main.o
 .debug_macro   0x000000000000108a       0x22 ./src/blinky_main.o
 .debug_macro   0x00000000000010ac      0x37a ./src/blinky_main.o
 .debug_macro   0x0000000000001426       0x8d ./src/blinky_main.o
 .debug_macro   0x00000000000014b3      0x123 ./src/blinky_main.o
 .debug_macro   0x00000000000015d6       0x22 ./src/blinky_main.o
 .debug_macro   0x00000000000015f8       0x2e ./src/blinky_main.o
 .debug_macro   0x0000000000001626       0x46 ./src/blinky_main.o
 .debug_macro   0x000000000000166c       0x22 ./src/blinky_main.o
 .debug_macro   0x000000000000168e       0x88 ./driver/crp.o
 .debug_macro   0x0000000000001716       0x28 ./driver/crp.o
 .debug_macro   0x000000000000173e       0x28 ./driver/crp.o
 .debug_macro   0x0000000000001766       0x79 ./driver/gpio.o
 .debug_macro   0x00000000000017df       0x79 ./driver/timer32.o
 .debug_macro   0x0000000000001858       0xa9 ./cmsis/system_LPC11xx.o
 .debug_macro   0x0000000000001901      0x398 ./cmsis/system_LPC11xx.o

.debug_line     0x0000000000000000      0xb7f
 .debug_line    0x0000000000000000      0x1bb ./startup/cr_startup_lpc11.o
 .debug_line    0x00000000000001bb      0x1f3 ./src/blinky_main.o
 .debug_line    0x00000000000003ae      0x15a ./driver/crp.o
 .debug_line    0x0000000000000508      0x23f ./driver/gpio.o
 .debug_line    0x0000000000000747      0x27c ./driver/timer32.o
 .debug_line    0x00000000000009c3      0x1bc ./cmsis/system_LPC11xx.o

.debug_str      0x0000000000000000     0x6705
 .debug_str     0x0000000000000000     0x3c68 ./startup/cr_startup_lpc11.o
                                       0x3cf3 (size before relaxing)
 .debug_str     0x0000000000003c68     0x1f78 ./src/blinky_main.o
                                       0x5b44 (size before relaxing)
 .debug_str     0x0000000000005be0       0xbf ./driver/crp.o
                                       0x59f4 (size before relaxing)
 .debug_str     0x0000000000005c9f      0x316 ./driver/gpio.o
                                       0x5cd7 (size before relaxing)
 .debug_str     0x0000000000005fb5      0x48a ./driver/timer32.o
                                       0x614f (size before relaxing)
 .debug_str     0x000000000000643f      0x2c6 ./cmsis/system_LPC11xx.o
                                       0x5d64 (size before relaxing)

.comment        0x0000000000000000       0xe0
 .comment       0x0000000000000000       0x70 ./startup/cr_startup_lpc11.o
                                         0x71 (size before relaxing)
 .comment       0x0000000000000000       0x71 ./src/blinky_main.o
 .comment       0x0000000000000000       0x71 ./driver/crp.o
 .comment       0x0000000000000000       0x71 ./driver/gpio.o
 .comment       0x0000000000000000       0x71 ./driver/timer32.o
 .comment       0x0000000000000000       0x71 ./cmsis/system_LPC11xx.o
 .comment       0x0000000000000070       0x70 /Applications/lpcxpresso_7.1.1_125/lpcxpresso/tools/bin/../lib/gcc/arm-none-eabi/4.8.3/../../../../arm-none-eabi/lib/armv6-m/libcr_c.a(__weak__main.o)
                                         0x71 (size before relaxing)

.ARM.attributes
                0x0000000000000000       0x2f
 .ARM.attributes
                0x0000000000000000       0x31 ./startup/cr_startup_lpc11.o
 .ARM.attributes
                0x0000000000000031       0x31 ./src/blinky_main.o
 .ARM.attributes
                0x0000000000000062       0x31 ./driver/crp.o
 .ARM.attributes
                0x0000000000000093       0x31 ./driver/gpio.o
 .ARM.attributes
                0x00000000000000c4       0x31 ./driver/timer32.o
 .ARM.attributes
                0x00000000000000f5       0x31 ./cmsis/system_LPC11xx.o
 .ARM.attributes
                0x0000000000000126       0x31 /Applications/lpcxpresso_7.1.1_125/lpcxpresso/tools/bin/../lib/gcc/arm-none-eabi/4.8.3/../../../../arm-none-eabi/lib/armv6-m/libcr_c.a(__weak__main.o)
 .ARM.attributes
                0x0000000000000157       0x21 /Applications/lpcxpresso_7.1.1_125/lpcxpresso/tools/bin/../lib/gcc/arm-none-eabi/4.8.3/armv6-m/libcr_eabihelpers.a(division_32.o)
 .ARM.attributes
                0x0000000000000178       0x21 /Applications/lpcxpresso_7.1.1_125/lpcxpresso/tools/bin/../lib/gcc/arm-none-eabi/4.8.3/armv6-m/libcr_eabihelpers.a(division_idiv0.o)

.debug_frame    0x0000000000000000      0x2a4
 .debug_frame   0x0000000000000000       0x88 ./startup/cr_startup_lpc11.o
 .debug_frame   0x0000000000000088       0x64 ./src/blinky_main.o
 .debug_frame   0x00000000000000ec       0xbc ./driver/gpio.o
 .debug_frame   0x00000000000001a8       0xb4 ./driver/timer32.o
 .debug_frame   0x000000000000025c       0x48 ./cmsis/system_LPC11xx.o
